[    0.000000] Booting Linux on physical CPU 0x0000020000 [0x410fd4f0]
[    0.000000] Linux version 6.5.0-1019-nvidia-64k (buildd@bos02-arm64-027) (aarch64-linux-gnu-gcc-11 (Ubuntu 11.4.0-1ubuntu1~22.04) 11.4.0, GNU ld (GNU Binutils for Ubuntu) 2.38) #19-Ubuntu SMP PREEMPT_DYNAMIC Tue May  7 12:54:40 UTC 2024 (Ubuntu 6.5.0-1019.19-nvidia-64k 6.5.13)
[    0.000000] KASLR enabled
[    0.000000] efi: EFI v2.9 by American Megatrends
[    0.000000] efi: RTPROP=0x78668fe398 ACPI 2.0=0x78615f0018 SMBIOS=0x78663c0000 SMBIOS 3.0=0xfffc0000 TPMFinalLog=0x7861410000 MEMATTR=0x785f686018 ESRT=0x786415db98 MOKvar=0x7866250000 TPMEventLog=0x785f607018 RNG=0x785f93ff18 MEMRESERVE=0x785f688818 
[    0.000000] random: crng init done
[    0.000000] secureboot: Secure boot disabled
[    0.000000] esrt: Reserving ESRT space from 0x000000786415db98 to 0x000000786415dbf8.
[    0.000000] ACPI: Early table checksum verification disabled
[    0.000000] ACPI: RSDP 0x00000078615F0018 000024 (v02 NVIDIA)
[    0.000000] ACPI: XSDT 0x00000078615FE998 00012C (v01 NVIDIA A M I    00000001 AMI  00000001)
[    0.000000] ACPI: FACP 0x00000078615FF898 000114 (v06 NVIDIA A M I    00000001 ARMH 00010000)
[    0.000000] ACPI: DSDT 0x00000078615FA198 001B33 (v02 NVIDIA A M I    00000001 INTL 20220331)
[    0.000000] ACPI: FIDT 0x00000078615FFE98 00009C (v01 ALASKA A M I    01072009 AMI  00010013)
[    0.000000] ACPI: SPMI 0x00000078615FFF98 000041 (v05 ALASKA A M I    00000000 AMI. 00000000)
[    0.000000] ACPI: SDEI 0x00000078615FFA98 000024 (v01 NVIDIA A M I    00000001 NVDA 00000001)
[    0.000000] ACPI: HEST 0x00000078615F7518 000EE4 (v01 NVIDIA A M I    00000001 NVDA 00000001)
[    0.000000] ACPI: BERT 0x00000078615FFD98 000030 (v01 NVIDIA A M I    00000001 NVDA 00000001)
[    0.000000] ACPI: EINJ 0x00000078615FFB18 000170 (v01 NVIDIA A M I    00000001 NVDA 00000001)
[    0.000000] ACPI: ERST 0x00000078615FF418 000290 (v01 NVIDIA A M I    00000001 NVDA 00000001)
[    0.000000] ACPI: FPDT 0x00000078615FFE18 000034 (v01 ALASKA T241x1   00000001 AMI  00000001)
[    0.000000] ACPI: BGRT 0x00000078615FF818 000038 (v01 ALASKA A M I    01072009 AMI  00010013)
[    0.000000] ACPI: GTDT 0x00000078615FCE18 000084 (v03 NVIDIA A M I    00000001 ARMH 00010000)
[    0.000000] ACPI: APIC 0x00000078615F8618 0016E8 (v05 NVIDIA A M I    00000001 ARMH 00010000)
[    0.000000] ACPI: PPTT 0x00000078615F0098 0020F8 (v03 NVIDIA A M I    00000001 ARMH 00010000)
[    0.000000] ACPI: SSDT 0x000000785F930018 005F25 (v02 NVIDIA A M I    00000001 ARMH 00010000)
[    0.000000] ACPI: SPCR 0x000000785F93FF98 000050 (v02 NVIDIA A M I    00000001 ARMH 00010000)
[    0.000000] ACPI: SSDT 0x000000785F93FE18 0000CC (v02 NVIDIA A M I    00000001 INTL 20220331)
[    0.000000] ACPI: SSDT 0x00000078615FE698 0000C0 (v02 NVIDIA TH500    00000001 INTL 20220331)
[    0.000000] ACPI: SSDT 0x00000078615F2D18 001747 (v02 NVIDIA BPMP_S0  00000001 INTL 20220331)
[    0.000000] ACPI: MCFG 0x00000078615FE798 00009C (v01 NVIDIA A M I    00000001 ARMH 00010000)
[    0.000000] ACPI: SSDT 0x000000785F93FA18 000378 (v02 NVIDIA A M I    00000001 ARMH 00010000)
[    0.000000] ACPI: SSDT 0x00000078615FE018 00037A (v02 NVIDIA A M I    00000001 ARMH 00010000)
[    0.000000] ACPI: SSDT 0x000000785F93E918 00037A (v02 NVIDIA A M I    00000001 ARMH 00010000)
[    0.000000] ACPI: SSDT 0x000000785F93ED18 00037A (v02 NVIDIA A M I    00000001 ARMH 00010000)
[    0.000000] ACPI: SSDT 0x000000785F93F118 00037A (v02 NVIDIA A M I    00000001 ARMH 00010000)
[    0.000000] ACPI: SSDT 0x00000078615FBD18 00037A (v02 NVIDIA A M I    00000001 ARMH 00010000)
[    0.000000] ACPI: SSDT 0x00000078615FC118 00071E (v02 NVIDIA A M I    00000001 ARMH 00010000)
[    0.000000] ACPI: IORT 0x00000078615FCF18 0007CB (v06 NVIDIA A M I    00000001 ARMH 00010000)
[    0.000000] ACPI: MPAM 0x00000078615FCB98 000084 (v01 NVIDIA A M I    00000001 ARMH 00010000)
[    0.000000] ACPI: SRAT 0x00000078615F4898 0006B4 (v03 NVIDIA A M I    00000001 ARMH 00010000)
[    0.000000] ACPI: SLIT 0x00000078615FCC98 00012C (v01 ALASKA A M I    00000001 AMI  00000001)
[    0.000000] ACPI: HMAT 0x00000078615F5318 000808 (v02 NVIDIA A M I    00000001 ARMH 00010000)
[    0.000000] ACPI: APMT 0x000000785F93F518 00013C (v00 ALASKA A M I    00000001 AMI  00000001)
[    0.000000] ACPI: TPM2 0x00000078615FE898 00004C (v04 ALASKA A M I    00000001 AMI  00000000)
[    0.000000] ACPI: SPCR: console: pl011,mmio32,0xc280000,115200
[    0.000000] ACPI: SRAT: Node 0 PXM 0 [mem 0x80000000-0x787fffffff]
[    0.000000] ACPI: SRAT: Node 1 PXM 8 [mem 0x00000000-0xffffffffffffffff] hotplug
[    0.000000] ACPI: SRAT: Node 2 PXM 9 [mem 0x00000000-0xffffffffffffffff] hotplug
[    0.000000] ACPI: SRAT: Node 3 PXM 10 [mem 0x00000000-0xffffffffffffffff] hotplug
[    0.000000] ACPI: SRAT: Node 4 PXM 11 [mem 0x00000000-0xffffffffffffffff] hotplug
[    0.000000] ACPI: SRAT: Node 5 PXM 12 [mem 0x00000000-0xffffffffffffffff] hotplug
[    0.000000] ACPI: SRAT: Node 6 PXM 13 [mem 0x00000000-0xffffffffffffffff] hotplug
[    0.000000] ACPI: SRAT: Node 7 PXM 14 [mem 0x00000000-0xffffffffffffffff] hotplug
[    0.000000] ACPI: SRAT: Node 8 PXM 15 [mem 0x00000000-0xffffffffffffffff] hotplug
[    0.000000] NUMA: NODE_DATA [mem 0x786c3aa5c0-0x786c3affff]
[    0.000000] NUMA: Initmem setup node 1 [<memory-less node>]
[    0.000000] NUMA: NODE_DATA [mem 0x786c3a4b80-0x786c3aa5bf]
[    0.000000] NUMA: NODE_DATA(1) on node 0
[    0.000000] NUMA: Initmem setup node 2 [<memory-less node>]
[    0.000000] NUMA: NODE_DATA [mem 0x786c39a5c0-0x786c39ffff]
[    0.000000] NUMA: NODE_DATA(2) on node 0
[    0.000000] NUMA: Initmem setup node 3 [<memory-less node>]
[    0.000000] NUMA: NODE_DATA [mem 0x786c394b80-0x786c39a5bf]
[    0.000000] NUMA: NODE_DATA(3) on node 0
[    0.000000] NUMA: Initmem setup node 4 [<memory-less node>]
[    0.000000] NUMA: NODE_DATA [mem 0x786c38f140-0x786c394b7f]
[    0.000000] NUMA: NODE_DATA(4) on node 0
[    0.000000] NUMA: Initmem setup node 5 [<memory-less node>]
[    0.000000] NUMA: NODE_DATA [mem 0x786c389700-0x786c38f13f]
[    0.000000] NUMA: NODE_DATA(5) on node 0
[    0.000000] NUMA: Initmem setup node 6 [<memory-less node>]
[    0.000000] NUMA: NODE_DATA [mem 0x786c383cc0-0x786c3896ff]
[    0.000000] NUMA: NODE_DATA(6) on node 0
[    0.000000] NUMA: Initmem setup node 7 [<memory-less node>]
[    0.000000] NUMA: NODE_DATA [mem 0x786c37e280-0x786c383cbf]
[    0.000000] NUMA: NODE_DATA(7) on node 0
[    0.000000] NUMA: Initmem setup node 8 [<memory-less node>]
[    0.000000] NUMA: NODE_DATA [mem 0x786c378840-0x786c37e27f]
[    0.000000] NUMA: NODE_DATA(8) on node 0
[    0.000000] Zone ranges:
[    0.000000]   DMA      [mem 0x0000000080000000-0x00000000ffffffff]
[    0.000000]   DMA32    empty
[    0.000000]   Normal   [mem 0x0000000100000000-0x000000786fffffff]
[    0.000000]   Device   empty
[    0.000000] Movable zone start for each node
[    0.000000] Early memory node ranges
[    0.000000]   node   0: [mem 0x0000000080000000-0x00000000ffbbffff]
[    0.000000]   node   0: [mem 0x00000000ffbc0000-0x00000000ffc0ffff]
[    0.000000]   node   0: [mem 0x00000000ffc10000-0x00000000ffe0ffff]
[    0.000000]   node   0: [mem 0x00000000ffe10000-0x00000000ffffffff]
[    0.000000]   node   0: [mem 0x0000000100000000-0x000000785f70ffff]
[    0.000000]   node   0: [mem 0x000000785f710000-0x000000785f8cffff]
[    0.000000]   node   0: [mem 0x000000785f8d0000-0x000000785f8dffff]
[    0.000000]   node   0: [mem 0x000000785f8e0000-0x000000785f90ffff]
[    0.000000]   node   0: [mem 0x000000785f910000-0x000000785f91ffff]
[    0.000000]   node   0: [mem 0x000000785f920000-0x000000785f92ffff]
[    0.000000]   node   0: [mem 0x000000785f930000-0x000000785f93ffff]
[    0.000000]   node   0: [mem 0x000000785f940000-0x000000785f94ffff]
[    0.000000]   node   0: [mem 0x000000785f950000-0x000000785fa6ffff]
[    0.000000]   node   0: [mem 0x000000785fa70000-0x000000785fa7ffff]
[    0.000000]   node   0: [mem 0x000000785fa80000-0x00000078613cffff]
[    0.000000]   node   0: [mem 0x00000078613d0000-0x000000786149ffff]
[    0.000000]   node   0: [mem 0x00000078614a0000-0x00000078614affff]
[    0.000000]   node   0: [mem 0x00000078614b0000-0x00000078614dffff]
[    0.000000]   node   0: [mem 0x00000078614e0000-0x00000078614effff]
[    0.000000]   node   0: [mem 0x00000078614f0000-0x000000786152ffff]
[    0.000000]   node   0: [mem 0x0000007861530000-0x000000786153ffff]
[    0.000000]   node   0: [mem 0x0000007861540000-0x000000786157ffff]
[    0.000000]   node   0: [mem 0x0000007861580000-0x000000786158ffff]
[    0.000000]   node   0: [mem 0x0000007861590000-0x00000078615effff]
[    0.000000]   node   0: [mem 0x00000078615f0000-0x0000007865cfffff]
[    0.000000]   node   0: [mem 0x0000007865d00000-0x00000078661effff]
[    0.000000]   node   0: [mem 0x00000078661f0000-0x000000786624ffff]
[    0.000000]   node   0: [mem 0x0000007866250000-0x00000078668fffff]
[    0.000000]   node   0: [mem 0x0000007866900000-0x00000078687fffff]
[    0.000000]   node   0: [mem 0x0000007869800000-0x00000078699fffff]
[    0.000000]   node   0: [mem 0x0000007869f00000-0x0000007869fdffff]
[    0.000000]   node   0: [mem 0x000000786c000000-0x000000786fffffff]
[    0.000000] Initmem setup node 0 [mem 0x0000000080000000-0x000000786fffffff]
[    0.000000] Initmem setup node 1 as memoryless
[    0.000000] Initmem setup node 2 as memoryless
[    0.000000] Initmem setup node 3 as memoryless
[    0.000000] Initmem setup node 4 as memoryless
[    0.000000] Initmem setup node 5 as memoryless
[    0.000000] Initmem setup node 6 as memoryless
[    0.000000] Initmem setup node 7 as memoryless
[    0.000000] Initmem setup node 8 as memoryless
[    0.000000] On node 0, zone Normal: 256 pages in unavailable ranges
[    0.000000] On node 0, zone Normal: 80 pages in unavailable ranges
[    0.000000] On node 0, zone Normal: 514 pages in unavailable ranges
[    0.000000] On node 0, zone Normal: 4096 pages in unavailable ranges
[    0.000000] cma: Reserved 512 MiB at 0x00000000c0000000
[    0.000000] psci: probing for conduit method from ACPI.
[    0.000000] psci: PSCIv1.1 detected in firmware.
[    0.000000] psci: Using standard PSCI v0.2 function IDs
[    0.000000] psci: MIGRATE_INFO_TYPE not supported.
[    0.000000] psci: SMC Calling Convention v1.2
[    0.000000] ACPI: NUMA: SRAT: PXM 0 -> MPIDR 0x20000 -> Node 0
[    0.000000] ACPI: NUMA: SRAT: PXM 0 -> MPIDR 0x40000 -> Node 0
[    0.000000] ACPI: NUMA: SRAT: PXM 0 -> MPIDR 0x50000 -> Node 0
[    0.000000] ACPI: NUMA: SRAT: PXM 0 -> MPIDR 0x60000 -> Node 0
[    0.000000] ACPI: NUMA: SRAT: PXM 0 -> MPIDR 0x70000 -> Node 0
[    0.000000] ACPI: NUMA: SRAT: PXM 0 -> MPIDR 0x80000 -> Node 0
[    0.000000] ACPI: NUMA: SRAT: PXM 0 -> MPIDR 0x90000 -> Node 0
[    0.000000] ACPI: NUMA: SRAT: PXM 0 -> MPIDR 0xa0000 -> Node 0
[    0.000000] ACPI: NUMA: SRAT: PXM 0 -> MPIDR 0xb0000 -> Node 0
[    0.000000] ACPI: NUMA: SRAT: PXM 0 -> MPIDR 0xe0000 -> Node 0
[    0.000000] ACPI: NUMA: SRAT: PXM 0 -> MPIDR 0x100000 -> Node 0
[    0.000000] ACPI: NUMA: SRAT: PXM 0 -> MPIDR 0x110000 -> Node 0
[    0.000000] ACPI: NUMA: SRAT: PXM 0 -> MPIDR 0x120000 -> Node 0
[    0.000000] ACPI: NUMA: SRAT: PXM 0 -> MPIDR 0x130000 -> Node 0
[    0.000000] ACPI: NUMA: SRAT: PXM 0 -> MPIDR 0x140000 -> Node 0
[    0.000000] ACPI: NUMA: SRAT: PXM 0 -> MPIDR 0x150000 -> Node 0
[    0.000000] ACPI: NUMA: SRAT: PXM 0 -> MPIDR 0x160000 -> Node 0
[    0.000000] ACPI: NUMA: SRAT: PXM 0 -> MPIDR 0x170000 -> Node 0
[    0.000000] ACPI: NUMA: SRAT: PXM 0 -> MPIDR 0x180000 -> Node 0
[    0.000000] ACPI: NUMA: SRAT: PXM 0 -> MPIDR 0x190000 -> Node 0
[    0.000000] ACPI: NUMA: SRAT: PXM 0 -> MPIDR 0x1a0000 -> Node 0
[    0.000000] ACPI: NUMA: SRAT: PXM 0 -> MPIDR 0x1c0000 -> Node 0
[    0.000000] ACPI: NUMA: SRAT: PXM 0 -> MPIDR 0x1d0000 -> Node 0
[    0.000000] ACPI: NUMA: SRAT: PXM 0 -> MPIDR 0x1e0000 -> Node 0
[    0.000000] ACPI: NUMA: SRAT: PXM 0 -> MPIDR 0x1f0000 -> Node 0
[    0.000000] ACPI: NUMA: SRAT: PXM 0 -> MPIDR 0x200000 -> Node 0
[    0.000000] ACPI: NUMA: SRAT: PXM 0 -> MPIDR 0x210000 -> Node 0
[    0.000000] ACPI: NUMA: SRAT: PXM 0 -> MPIDR 0x220000 -> Node 0
[    0.000000] ACPI: NUMA: SRAT: PXM 0 -> MPIDR 0x230000 -> Node 0
[    0.000000] ACPI: NUMA: SRAT: PXM 0 -> MPIDR 0x240000 -> Node 0
[    0.000000] ACPI: NUMA: SRAT: PXM 0 -> MPIDR 0x250000 -> Node 0
[    0.000000] ACPI: NUMA: SRAT: PXM 0 -> MPIDR 0x260000 -> Node 0
[    0.000000] ACPI: NUMA: SRAT: PXM 0 -> MPIDR 0x270000 -> Node 0
[    0.000000] ACPI: NUMA: SRAT: PXM 0 -> MPIDR 0x280000 -> Node 0
[    0.000000] ACPI: NUMA: SRAT: PXM 0 -> MPIDR 0x290000 -> Node 0
[    0.000000] ACPI: NUMA: SRAT: PXM 0 -> MPIDR 0x2a0000 -> Node 0
[    0.000000] ACPI: NUMA: SRAT: PXM 0 -> MPIDR 0x2b0000 -> Node 0
[    0.000000] ACPI: NUMA: SRAT: PXM 0 -> MPIDR 0x2c0000 -> Node 0
[    0.000000] ACPI: NUMA: SRAT: PXM 0 -> MPIDR 0x2d0000 -> Node 0
[    0.000000] ACPI: NUMA: SRAT: PXM 0 -> MPIDR 0x2e0000 -> Node 0
[    0.000000] ACPI: NUMA: SRAT: PXM 0 -> MPIDR 0x2f0000 -> Node 0
[    0.000000] ACPI: NUMA: SRAT: PXM 0 -> MPIDR 0x300000 -> Node 0
[    0.000000] ACPI: NUMA: SRAT: PXM 0 -> MPIDR 0x310000 -> Node 0
[    0.000000] ACPI: NUMA: SRAT: PXM 0 -> MPIDR 0x320000 -> Node 0
[    0.000000] ACPI: NUMA: SRAT: PXM 0 -> MPIDR 0x330000 -> Node 0
[    0.000000] ACPI: NUMA: SRAT: PXM 0 -> MPIDR 0x340000 -> Node 0
[    0.000000] ACPI: NUMA: SRAT: PXM 0 -> MPIDR 0x350000 -> Node 0
[    0.000000] ACPI: NUMA: SRAT: PXM 0 -> MPIDR 0x360000 -> Node 0
[    0.000000] ACPI: NUMA: SRAT: PXM 0 -> MPIDR 0x370000 -> Node 0
[    0.000000] ACPI: NUMA: SRAT: PXM 0 -> MPIDR 0x380000 -> Node 0
[    0.000000] ACPI: NUMA: SRAT: PXM 0 -> MPIDR 0x3a0000 -> Node 0
[    0.000000] ACPI: NUMA: SRAT: PXM 0 -> MPIDR 0x3b0000 -> Node 0
[    0.000000] ACPI: NUMA: SRAT: PXM 0 -> MPIDR 0x3c0000 -> Node 0
[    0.000000] ACPI: NUMA: SRAT: PXM 0 -> MPIDR 0x3d0000 -> Node 0
[    0.000000] ACPI: NUMA: SRAT: PXM 0 -> MPIDR 0x3e0000 -> Node 0
[    0.000000] ACPI: NUMA: SRAT: PXM 0 -> MPIDR 0x3f0000 -> Node 0
[    0.000000] ACPI: NUMA: SRAT: PXM 0 -> MPIDR 0x400000 -> Node 0
[    0.000000] ACPI: NUMA: SRAT: PXM 0 -> MPIDR 0x410000 -> Node 0
[    0.000000] ACPI: NUMA: SRAT: PXM 0 -> MPIDR 0x420000 -> Node 0
[    0.000000] ACPI: NUMA: SRAT: PXM 0 -> MPIDR 0x430000 -> Node 0
[    0.000000] ACPI: NUMA: SRAT: PXM 0 -> MPIDR 0x440000 -> Node 0
[    0.000000] ACPI: NUMA: SRAT: PXM 0 -> MPIDR 0x460000 -> Node 0
[    0.000000] ACPI: NUMA: SRAT: PXM 0 -> MPIDR 0x480000 -> Node 0
[    0.000000] ACPI: NUMA: SRAT: PXM 0 -> MPIDR 0x490000 -> Node 0
[    0.000000] ACPI: NUMA: SRAT: PXM 0 -> MPIDR 0x4a0000 -> Node 0
[    0.000000] ACPI: NUMA: SRAT: PXM 0 -> MPIDR 0x4b0000 -> Node 0
[    0.000000] ACPI: NUMA: SRAT: PXM 0 -> MPIDR 0x4c0000 -> Node 0
[    0.000000] ACPI: NUMA: SRAT: PXM 0 -> MPIDR 0x4d0000 -> Node 0
[    0.000000] ACPI: NUMA: SRAT: PXM 0 -> MPIDR 0x4e0000 -> Node 0
[    0.000000] ACPI: NUMA: SRAT: PXM 0 -> MPIDR 0x4f0000 -> Node 0
[    0.000000] ACPI: NUMA: SRAT: PXM 0 -> MPIDR 0x500000 -> Node 0
[    0.000000] ACPI: NUMA: SRAT: PXM 0 -> MPIDR 0x510000 -> Node 0
[    0.000000] percpu: Embedded 10 pages/cpu s584680 r8192 d62488 u655360
[    0.000000] pcpu-alloc: s584680 r8192 d62488 u655360 alloc=10*65536
[    0.000000] pcpu-alloc: [0] 00 [0] 01 [0] 02 [0] 03 [0] 04 [0] 05 [0] 06 [0] 07 
[    0.000000] pcpu-alloc: [0] 08 [0] 09 [0] 10 [0] 11 [0] 12 [0] 13 [0] 14 [0] 15 
[    0.000000] pcpu-alloc: [0] 16 [0] 17 [0] 18 [0] 19 [0] 20 [0] 21 [0] 22 [0] 23 
[    0.000000] pcpu-alloc: [0] 24 [0] 25 [0] 26 [0] 27 [0] 28 [0] 29 [0] 30 [0] 31 
[    0.000000] pcpu-alloc: [0] 32 [0] 33 [0] 34 [0] 35 [0] 36 [0] 37 [0] 38 [0] 39 
[    0.000000] pcpu-alloc: [0] 40 [0] 41 [0] 42 [0] 43 [0] 44 [0] 45 [0] 46 [0] 47 
[    0.000000] pcpu-alloc: [0] 48 [0] 49 [0] 50 [0] 51 [0] 52 [0] 53 [0] 54 [0] 55 
[    0.000000] pcpu-alloc: [0] 56 [0] 57 [0] 58 [0] 59 [0] 60 [0] 61 [0] 62 [0] 63 
[    0.000000] pcpu-alloc: [0] 64 [0] 65 [0] 66 [0] 67 [0] 68 [0] 69 [0] 70 [0] 71 
[    0.000000] Detected PIPT I-cache on CPU0
[    0.000000] CPU features: detected: Address authentication (architected QARMA5 algorithm)
[    0.000000] CPU features: detected: GIC system register CPU interface
[    0.000000] CPU features: detected: Virtualization Host Extensions
[    0.000000] CPU features: detected: Hardware dirty bit management
[    0.000000] CPU features: detected: Spectre-v4
[    0.000000] alternatives: applying boot alternatives
[    0.000000] Kernel command line: BOOT_IMAGE=/vmlinuz-6.5.0-1019-nvidia-64k root=UUID=c05b2d6e-2336-4f6f-ab36-0d58cc09568d ro
[    0.000000] Unknown kernel command line parameters "BOOT_IMAGE=/vmlinuz-6.5.0-1019-nvidia-64k", will be passed to user space.
[    0.000000] printk: log_buf_len individual max cpu contribution: 4096 bytes
[    0.000000] printk: log_buf_len total cpu_extra contributions: 290816 bytes
[    0.000000] printk: log_buf_len min size: 262144 bytes
[    0.000000] printk: log_buf_len: 1048576 bytes
[    0.000000] printk: early log buf free: 246120(93%)
[    0.000000] Dentry cache hash table entries: 16777216 (order: 11, 134217728 bytes, linear)
[    0.000000] Inode-cache hash table entries: 8388608 (order: 10, 67108864 bytes, linear)
[    0.000000] Fallback order for Node 0: 0 
[    0.000000] Fallback order for Node 1: 1 0 
[    0.000000] Fallback order for Node 2: 2 0 
[    0.000000] Fallback order for Node 3: 3 0 
[    0.000000] Fallback order for Node 4: 4 0 
[    0.000000] Fallback order for Node 5: 5 0 
[    0.000000] Fallback order for Node 6: 6 0 
[    0.000000] Fallback order for Node 7: 7 0 
[    0.000000] Fallback order for Node 8: 8 0 
[    0.000000] Built 9 zonelists, mobility grouping on.  Total pages: 7851698
[    0.000000] Policy zone: Normal
[    0.000000] mem auto-init: stack:off, heap alloc:on, heap free:off
[    0.000000] software IO TLB: area num 128.
[    0.000000] software IO TLB: mapped [mem 0x00000000fbbc0000-0x00000000ffbc0000] (64MB)
[    0.000000] Memory: 501369088K/502999936K available (21632K kernel code, 5126K rwdata, 15488K rodata, 12544K init, 2165K bss, 1106560K reserved, 524288K cma-reserved)
[    0.000000] SLUB: HWalign=64, Order=0-3, MinObjects=0, CPUs=72, Nodes=9
[    0.000000] ftrace: allocating 60078 entries in 15 pages
[    0.000000] ftrace: allocated 15 pages with 4 groups
[    0.000000] trace event string verifier disabled
[    0.000000] Dynamic Preempt: none
[    0.000000] rcu: Preemptible hierarchical RCU implementation.
[    0.000000] rcu: 	RCU restricting CPUs from NR_CPUS=512 to nr_cpu_ids=72.
[    0.000000] 	Trampoline variant of Tasks RCU enabled.
[    0.000000] 	Rude variant of Tasks RCU enabled.
[    0.000000] 	Tracing variant of Tasks RCU enabled.
[    0.000000] rcu: RCU calculated value of scheduler-enlistment delay is 25 jiffies.
[    0.000000] rcu: Adjusting geometry for rcu_fanout_leaf=16, nr_cpu_ids=72
[    0.000000] NR_IRQS: 64, nr_irqs: 64, preallocated irqs: 0
[    0.000000] GICv3: GIC: Using split EOI/Deactivate mode
[    0.000000] GIC: enabling workaround for GICv3: ARM64 erratum 2941627
[    0.000000] GICv3: 960 SPIs implemented
[    0.000000] GICv3: 320 Extended SPIs implemented
[    0.000000] Root IRQ handler: gic_handle_irq
[    0.000000] GICv3: GICv3 features: 16 PPIs, DirectLPI
[    0.000000] GICv3: GICv4 features: DirectLPI RVPEID Valid+Dirty 
[    0.000000] GICv3: CPU0: found redistributor 20000 region 0:0x0000000022100000
[    0.000000] SRAT: PXM 0 -> ITS 0 -> Node 0
[    0.000000] ITS [mem 0x22040000-0x2205ffff]
[    0.000000] ITS@0x0000000022040000: Single VMOVP capable
[    0.000000] ITS@0x0000000022040000: Using GICv4.1 mode 00000000 00000001
[    0.000000] ITS@0x0000000022040000: allocated 8192 Devices @100940000 (indirect, esz 8, psz 64K, shr 1)
[    0.000000] ITS@0x0000000022040000: allocated 32768 Interrupt Collections @100950000 (flat, esz 2, psz 64K, shr 1)
[    0.000000] ITS@0x0000000022040000: allocated 16384 Virtual CPUs @100960000 (flat, esz 8, psz 64K, shr 1)
[    0.000000] GICv3: using LPI property table @0x0000000100980000
[    0.000000] ITS: Using DirectLPI for VPE invalidation
[    0.000000] ITS: Enabling GICv4 support
[    0.000000] GICv3: CPU0: using allocated LPI pending table @0x00000001009a0000
[    0.000000] rcu: srcu_init: Setting srcu_struct sizes based on contention.
[    0.000000] arch_timer: cp15 timer(s) running at 1000.00MHz (phys).
[    0.000000] clocksource: arch_sys_counter: mask: 0x1fffffffffffffff max_cycles: 0x1cd42e4dffb, max_idle_ns: 881590591483 ns
[    0.000000] sched_clock: 61 bits at 1000MHz, resolution 1ns, wraps every 4398046511103ns
[    0.000079] Console: colour dummy device 80x25
[    0.000193] mempolicy: Enabling automatic NUMA balancing. Configure with numa_balancing= or the kernel.numa_balancing sysctl
[    0.000198] ACPI: Core revision 20230331
[    0.000313] Calibrating delay loop (skipped), value calculated using timer frequency.. 2000.00 BogoMIPS (lpj=4000000)
[    0.000316] pid_max: default: 73728 minimum: 576
[    0.000453] LSM: initializing lsm=lockdown,capability,landlock,yama,apparmor,integrity
[    0.000460] landlock: Up and running.
[    0.000460] Yama: becoming mindful.
[    0.000486] AppArmor: AppArmor initialized
[    0.000579] Mount-cache hash table entries: 262144 (order: 5, 2097152 bytes, linear)
[    0.000615] Mountpoint-cache hash table entries: 262144 (order: 5, 2097152 bytes, linear)
[    0.001211] RCU Tasks: Setting shift to 7 and lim to 1 rcu_task_cb_adjust=1.
[    0.001224] RCU Tasks Rude: Setting shift to 7 and lim to 1 rcu_task_cb_adjust=1.
[    0.001236] RCU Tasks Trace: Setting shift to 7 and lim to 1 rcu_task_cb_adjust=1.
[    0.001260] rcu: Hierarchical SRCU implementation.
[    0.001260] rcu: 	Max phase no-delay instances is 1000.
[    0.001421] Platform MSI: ITS@0x22040000 domain created
[    0.001424] PCI/MSI: ITS@0x22040000 domain created
[    0.001426] fsl-mc MSI: ITS@0x22040000 domain created
[    0.001436] Remapping and enabling EFI services.
[    0.001820] smp: Bringing up secondary CPUs ...
[    0.019985] Detected PIPT I-cache on CPU1
[    0.020238] GICv3: CPU1: found redistributor 40000 region 0:0x0000000022180000
[    0.020334] GICv3: CPU1: using allocated LPI pending table @0x00000001009b0000
[    0.020516] CPU1: Booted secondary processor 0x0000040000 [0x410fd4f0]
[    0.039991] Detected PIPT I-cache on CPU2
[    0.040297] GICv3: CPU2: found redistributor 50000 region 0:0x00000000221c0000
[    0.040410] GICv3: CPU2: using allocated LPI pending table @0x00000001009c0000
[    0.040625] CPU2: Booted secondary processor 0x0000050000 [0x410fd4f0]
[    0.060153] Detected PIPT I-cache on CPU3
[    0.060455] GICv3: CPU3: found redistributor 60000 region 0:0x0000000022200000
[    0.060572] GICv3: CPU3: using allocated LPI pending table @0x00000001009d0000
[    0.060789] CPU3: Booted secondary processor 0x0000060000 [0x410fd4f0]
[    0.080121] Detected PIPT I-cache on CPU4
[    0.080389] GICv3: CPU4: found redistributor 70000 region 0:0x0000000022240000
[    0.080494] GICv3: CPU4: using allocated LPI pending table @0x00000001009e0000
[    0.080689] CPU4: Booted secondary processor 0x0000070000 [0x410fd4f0]
[    0.100263] Detected PIPT I-cache on CPU5
[    0.100545] GICv3: CPU5: found redistributor 80000 region 0:0x0000000022280000
[    0.100650] GICv3: CPU5: using allocated LPI pending table @0x00000001009f0000
[    0.100849] CPU5: Booted secondary processor 0x0000080000 [0x410fd4f0]
[    0.120315] Detected PIPT I-cache on CPU6
[    0.120610] GICv3: CPU6: found redistributor 90000 region 0:0x00000000222c0000
[    0.120714] GICv3: CPU6: using allocated LPI pending table @0x0000000100a00000
[    0.120892] CPU6: Booted secondary processor 0x0000090000 [0x410fd4f0]
[    0.140472] Detected PIPT I-cache on CPU7
[    0.140757] GICv3: CPU7: found redistributor a0000 region 0:0x0000000022300000
[    0.140859] GICv3: CPU7: using allocated LPI pending table @0x0000000100a10000
[    0.141056] CPU7: Booted secondary processor 0x00000a0000 [0x410fd4f0]
[    0.160780] Detected PIPT I-cache on CPU8
[    0.161080] GICv3: CPU8: found redistributor b0000 region 0:0x0000000022340000
[    0.161184] GICv3: CPU8: using allocated LPI pending table @0x0000000100a20000
[    0.161383] CPU8: Booted secondary processor 0x00000b0000 [0x410fd4f0]
[    0.180584] Detected PIPT I-cache on CPU9
[    0.180906] GICv3: CPU9: found redistributor e0000 region 0:0x0000000022400000
[    0.181012] GICv3: CPU9: using allocated LPI pending table @0x0000000100a30000
[    0.181211] CPU9: Booted secondary processor 0x00000e0000 [0x410fd4f0]
[    0.200460] Detected PIPT I-cache on CPU10
[    0.200804] GICv3: CPU10: found redistributor 100000 region 0:0x0000000022480000
[    0.200909] GICv3: CPU10: using allocated LPI pending table @0x0000000100a40000
[    0.201106] CPU10: Booted secondary processor 0x0000100000 [0x410fd4f0]
[    0.220360] Detected PIPT I-cache on CPU11
[    0.220716] GICv3: CPU11: found redistributor 110000 region 0:0x00000000224c0000
[    0.220823] GICv3: CPU11: using allocated LPI pending table @0x0000000100a50000
[    0.221020] CPU11: Booted secondary processor 0x0000110000 [0x410fd4f0]
[    0.240063] Detected PIPT I-cache on CPU12
[    0.240421] GICv3: CPU12: found redistributor 120000 region 0:0x0000000022500000
[    0.240527] GICv3: CPU12: using allocated LPI pending table @0x0000000100a60000
[    0.240726] CPU12: Booted secondary processor 0x0000120000 [0x410fd4f0]
[    0.259808] Detected PIPT I-cache on CPU13
[    0.260167] GICv3: CPU13: found redistributor 130000 region 0:0x0000000022540000
[    0.260272] GICv3: CPU13: using allocated LPI pending table @0x0000000100a70000
[    0.260470] CPU13: Booted secondary processor 0x0000130000 [0x410fd4f0]
[    0.279958] Detected PIPT I-cache on CPU14
[    0.280328] GICv3: CPU14: found redistributor 140000 region 0:0x0000000022580000
[    0.280439] GICv3: CPU14: using allocated LPI pending table @0x0000000100a80000
[    0.280641] CPU14: Booted secondary processor 0x0000140000 [0x410fd4f0]
[    0.300136] Detected PIPT I-cache on CPU15
[    0.300504] GICv3: CPU15: found redistributor 150000 region 0:0x00000000225c0000
[    0.300612] GICv3: CPU15: using allocated LPI pending table @0x0000000100a90000
[    0.300810] CPU15: Booted secondary processor 0x0000150000 [0x410fd4f0]
[    0.320312] Detected PIPT I-cache on CPU16
[    0.320707] GICv3: CPU16: found redistributor 160000 region 0:0x0000000022600000
[    0.320818] GICv3: CPU16: using allocated LPI pending table @0x0000000100aa0000
[    0.321021] CPU16: Booted secondary processor 0x0000160000 [0x410fd4f0]
[    0.340513] Detected PIPT I-cache on CPU17
[    0.340918] GICv3: CPU17: found redistributor 170000 region 0:0x0000000022640000
[    0.341028] GICv3: CPU17: using allocated LPI pending table @0x0000000100ab0000
[    0.341226] CPU17: Booted secondary processor 0x0000170000 [0x410fd4f0]
[    0.360791] Detected PIPT I-cache on CPU18
[    0.361208] GICv3: CPU18: found redistributor 180000 region 0:0x0000000022680000
[    0.361320] GICv3: CPU18: using allocated LPI pending table @0x0000000100ac0000
[    0.361522] CPU18: Booted secondary processor 0x0000180000 [0x410fd4f0]
[    0.381031] Detected PIPT I-cache on CPU19
[    0.381432] GICv3: CPU19: found redistributor 190000 region 0:0x00000000226c0000
[    0.381524] GICv3: CPU19: using allocated LPI pending table @0x0000000100ad0000
[    0.381695] CPU19: Booted secondary processor 0x0000190000 [0x410fd4f0]
[    0.401557] Detected PIPT I-cache on CPU20
[    0.401972] GICv3: CPU20: found redistributor 1a0000 region 0:0x0000000022700000
[    0.402066] GICv3: CPU20: using allocated LPI pending table @0x0000000100ae0000
[    0.402242] CPU20: Booted secondary processor 0x00001a0000 [0x410fd4f0]
[    0.421424] Detected PIPT I-cache on CPU21
[    0.421848] GICv3: CPU21: found redistributor 1c0000 region 0:0x0000000022780000
[    0.421942] GICv3: CPU21: using allocated LPI pending table @0x0000000100af0000
[    0.422119] CPU21: Booted secondary processor 0x00001c0000 [0x410fd4f0]
[    0.441234] Detected PIPT I-cache on CPU22
[    0.441671] GICv3: CPU22: found redistributor 1d0000 region 0:0x00000000227c0000
[    0.441779] GICv3: CPU22: using allocated LPI pending table @0x0000000100b00000
[    0.441978] CPU22: Booted secondary processor 0x00001d0000 [0x410fd4f0]
[    0.461271] Detected PIPT I-cache on CPU23
[    0.461716] GICv3: CPU23: found redistributor 1e0000 region 0:0x0000000022800000
[    0.461827] GICv3: CPU23: using allocated LPI pending table @0x0000000100b10000
[    0.462021] CPU23: Booted secondary processor 0x00001e0000 [0x410fd4f0]
[    0.481421] Detected PIPT I-cache on CPU24
[    0.481865] GICv3: CPU24: found redistributor 1f0000 region 0:0x0000000022840000
[    0.481973] GICv3: CPU24: using allocated LPI pending table @0x0000000100b20000
[    0.482169] CPU24: Booted secondary processor 0x00001f0000 [0x410fd4f0]
[    0.501165] Detected PIPT I-cache on CPU25
[    0.501617] GICv3: CPU25: found redistributor 200000 region 0:0x0000000022880000
[    0.501724] GICv3: CPU25: using allocated LPI pending table @0x0000000100b30000
[    0.501914] CPU25: Booted secondary processor 0x0000200000 [0x410fd4f0]
[    0.520973] Detected PIPT I-cache on CPU26
[    0.521435] GICv3: CPU26: found redistributor 210000 region 0:0x00000000228c0000
[    0.521545] GICv3: CPU26: using allocated LPI pending table @0x0000000100b40000
[    0.521741] CPU26: Booted secondary processor 0x0000210000 [0x410fd4f0]
[    0.541151] Detected PIPT I-cache on CPU27
[    0.541627] GICv3: CPU27: found redistributor 220000 region 0:0x0000000022900000
[    0.541729] GICv3: CPU27: using allocated LPI pending table @0x0000000100b50000
[    0.541905] CPU27: Booted secondary processor 0x0000220000 [0x410fd4f0]
[    0.561183] Detected PIPT I-cache on CPU28
[    0.561655] GICv3: CPU28: found redistributor 230000 region 0:0x0000000022940000
[    0.561766] GICv3: CPU28: using allocated LPI pending table @0x0000000100b60000
[    0.561962] CPU28: Booted secondary processor 0x0000230000 [0x410fd4f0]
[    0.581371] Detected PIPT I-cache on CPU29
[    0.581852] GICv3: CPU29: found redistributor 240000 region 0:0x0000000022980000
[    0.581951] GICv3: CPU29: using allocated LPI pending table @0x0000000100b70000
[    0.582133] CPU29: Booted secondary processor 0x0000240000 [0x410fd4f0]
[    0.601630] Detected PIPT I-cache on CPU30
[    0.602122] GICv3: CPU30: found redistributor 250000 region 0:0x00000000229c0000
[    0.602224] GICv3: CPU30: using allocated LPI pending table @0x0000000100b80000
[    0.602399] CPU30: Booted secondary processor 0x0000250000 [0x410fd4f0]
[    0.622106] Detected PIPT I-cache on CPU31
[    0.622594] GICv3: CPU31: found redistributor 260000 region 0:0x0000000022a00000
[    0.622692] GICv3: CPU31: using allocated LPI pending table @0x0000000100b90000
[    0.622871] CPU31: Booted secondary processor 0x0000260000 [0x410fd4f0]
[    0.642320] Detected PIPT I-cache on CPU32
[    0.642830] GICv3: CPU32: found redistributor 270000 region 0:0x0000000022a40000
[    0.642943] GICv3: CPU32: using allocated LPI pending table @0x0000000100ba0000
[    0.643144] CPU32: Booted secondary processor 0x0000270000 [0x410fd4f0]
[    0.662643] Detected PIPT I-cache on CPU33
[    0.663162] GICv3: CPU33: found redistributor 280000 region 0:0x0000000022a80000
[    0.663256] GICv3: CPU33: using allocated LPI pending table @0x0000000100bb0000
[    0.663434] CPU33: Booted secondary processor 0x0000280000 [0x410fd4f0]
[    0.682876] Detected PIPT I-cache on CPU34
[    0.683413] GICv3: CPU34: found redistributor 290000 region 0:0x0000000022ac0000
[    0.683511] GICv3: CPU34: using allocated LPI pending table @0x0000000100bc0000
[    0.683689] CPU34: Booted secondary processor 0x0000290000 [0x410fd4f0]
[    0.702666] Detected PIPT I-cache on CPU35
[    0.703212] GICv3: CPU35: found redistributor 2a0000 region 0:0x0000000022b00000
[    0.703307] GICv3: CPU35: using allocated LPI pending table @0x0000000100bd0000
[    0.703490] CPU35: Booted secondary processor 0x00002a0000 [0x410fd4f0]
[    0.722605] Detected PIPT I-cache on CPU36
[    0.723142] GICv3: CPU36: found redistributor 2b0000 region 0:0x0000000022b40000
[    0.723238] GICv3: CPU36: using allocated LPI pending table @0x0000000100be0000
[    0.723413] CPU36: Booted secondary processor 0x00002b0000 [0x410fd4f0]
[    0.742661] Detected PIPT I-cache on CPU37
[    0.743239] GICv3: CPU37: found redistributor 2c0000 region 0:0x0000000022b80000
[    0.743354] GICv3: CPU37: using allocated LPI pending table @0x0000000100bf0000
[    0.743555] CPU37: Booted secondary processor 0x00002c0000 [0x410fd4f0]
[    0.762623] Detected PIPT I-cache on CPU38
[    0.763207] GICv3: CPU38: found redistributor 2d0000 region 0:0x0000000022bc0000
[    0.763307] GICv3: CPU38: using allocated LPI pending table @0x0000000100c00000
[    0.763488] CPU38: Booted secondary processor 0x00002d0000 [0x410fd4f0]
[    0.782624] Detected PIPT I-cache on CPU39
[    0.783208] GICv3: CPU39: found redistributor 2e0000 region 0:0x0000000022c00000
[    0.783323] GICv3: CPU39: using allocated LPI pending table @0x0000000100c10000
[    0.783519] CPU39: Booted secondary processor 0x00002e0000 [0x410fd4f0]
[    0.802618] Detected PIPT I-cache on CPU40
[    0.803215] GICv3: CPU40: found redistributor 2f0000 region 0:0x0000000022c40000
[    0.803338] GICv3: CPU40: using allocated LPI pending table @0x0000000100c20000
[    0.803534] CPU40: Booted secondary processor 0x00002f0000 [0x410fd4f0]
[    0.822668] Detected PIPT I-cache on CPU41
[    0.823282] GICv3: CPU41: found redistributor 300000 region 0:0x0000000022c80000
[    0.823402] GICv3: CPU41: using allocated LPI pending table @0x0000000100c30000
[    0.823596] CPU41: Booted secondary processor 0x0000300000 [0x410fd4f0]
[    0.842731] Detected PIPT I-cache on CPU42
[    0.843324] GICv3: CPU42: found redistributor 310000 region 0:0x0000000022cc0000
[    0.843425] GICv3: CPU42: using allocated LPI pending table @0x0000000100c40000
[    0.843602] CPU42: Booted secondary processor 0x0000310000 [0x410fd4f0]
[    0.862923] Detected PIPT I-cache on CPU43
[    0.863514] GICv3: CPU43: found redistributor 320000 region 0:0x0000000022d00000
[    0.863615] GICv3: CPU43: using allocated LPI pending table @0x0000000100c50000
[    0.863794] CPU43: Booted secondary processor 0x0000320000 [0x410fd4f0]
[    0.883058] Detected PIPT I-cache on CPU44
[    0.883689] GICv3: CPU44: found redistributor 330000 region 0:0x0000000022d40000
[    0.883807] GICv3: CPU44: using allocated LPI pending table @0x0000000100c60000
[    0.884009] CPU44: Booted secondary processor 0x0000330000 [0x410fd4f0]
[    0.903494] Detected PIPT I-cache on CPU45
[    0.904116] GICv3: CPU45: found redistributor 340000 region 0:0x0000000022d80000
[    0.904223] GICv3: CPU45: using allocated LPI pending table @0x0000000100c70000
[    0.904402] CPU45: Booted secondary processor 0x0000340000 [0x410fd4f0]
[    0.924167] Detected PIPT I-cache on CPU46
[    0.924783] GICv3: CPU46: found redistributor 350000 region 0:0x0000000022dc0000
[    0.924884] GICv3: CPU46: using allocated LPI pending table @0x0000000100c80000
[    0.925065] CPU46: Booted secondary processor 0x0000350000 [0x410fd4f0]
[    0.944613] Detected PIPT I-cache on CPU47
[    0.945256] GICv3: CPU47: found redistributor 360000 region 0:0x0000000022e00000
[    0.945376] GICv3: CPU47: using allocated LPI pending table @0x0000000100c90000
[    0.945569] CPU47: Booted secondary processor 0x0000360000 [0x410fd4f0]
[    0.965229] Detected PIPT I-cache on CPU48
[    0.965866] GICv3: CPU48: found redistributor 370000 region 0:0x0000000022e40000
[    0.965964] GICv3: CPU48: using allocated LPI pending table @0x0000000100ca0000
[    0.966141] CPU48: Booted secondary processor 0x0000370000 [0x410fd4f0]
[    0.985539] Detected PIPT I-cache on CPU49
[    0.986173] GICv3: CPU49: found redistributor 380000 region 0:0x0000000022e80000
[    0.986279] GICv3: CPU49: using allocated LPI pending table @0x0000000100cb0000
[    0.986456] CPU49: Booted secondary processor 0x0000380000 [0x410fd4f0]
[    1.005746] Detected PIPT I-cache on CPU50
[    1.006406] GICv3: CPU50: found redistributor 3a0000 region 0:0x0000000022f00000
[    1.006524] GICv3: CPU50: using allocated LPI pending table @0x0000000100cc0000
[    1.006718] CPU50: Booted secondary processor 0x00003a0000 [0x410fd4f0]
[    1.025912] Detected PIPT I-cache on CPU51
[    1.026569] GICv3: CPU51: found redistributor 3b0000 region 0:0x0000000022f40000
[    1.026669] GICv3: CPU51: using allocated LPI pending table @0x0000000100cd0000
[    1.026843] CPU51: Booted secondary processor 0x00003b0000 [0x410fd4f0]
[    1.046008] Detected PIPT I-cache on CPU52
[    1.046679] GICv3: CPU52: found redistributor 3c0000 region 0:0x0000000022f80000
[    1.046781] GICv3: CPU52: using allocated LPI pending table @0x0000000100ce0000
[    1.046957] CPU52: Booted secondary processor 0x00003c0000 [0x410fd4f0]
[    1.065997] Detected PIPT I-cache on CPU53
[    1.066700] GICv3: CPU53: found redistributor 3d0000 region 0:0x0000000022fc0000
[    1.066809] GICv3: CPU53: using allocated LPI pending table @0x0000000100cf0000
[    1.066988] CPU53: Booted secondary processor 0x00003d0000 [0x410fd4f0]
[    1.086204] Detected PIPT I-cache on CPU54
[    1.086907] GICv3: CPU54: found redistributor 3e0000 region 0:0x0000000023000000
[    1.087012] GICv3: CPU54: using allocated LPI pending table @0x0000000100d00000
[    1.087189] CPU54: Booted secondary processor 0x00003e0000 [0x410fd4f0]
[    1.106341] Detected PIPT I-cache on CPU55
[    1.107056] GICv3: CPU55: found redistributor 3f0000 region 0:0x0000000023040000
[    1.107180] GICv3: CPU55: using allocated LPI pending table @0x0000000100d10000
[    1.107376] CPU55: Booted secondary processor 0x00003f0000 [0x410fd4f0]
[    1.126719] Detected PIPT I-cache on CPU56
[    1.127432] GICv3: CPU56: found redistributor 400000 region 0:0x0000000023080000
[    1.127536] GICv3: CPU56: using allocated LPI pending table @0x0000000100d20000
[    1.127717] CPU56: Booted secondary processor 0x0000400000 [0x410fd4f0]
[    1.147232] Detected PIPT I-cache on CPU57
[    1.147933] GICv3: CPU57: found redistributor 410000 region 0:0x00000000230c0000
[    1.148037] GICv3: CPU57: using allocated LPI pending table @0x0000000100d30000
[    1.148214] CPU57: Booted secondary processor 0x0000410000 [0x410fd4f0]
[    1.167602] Detected PIPT I-cache on CPU58
[    1.168329] GICv3: CPU58: found redistributor 420000 region 0:0x0000000023100000
[    1.168434] GICv3: CPU58: using allocated LPI pending table @0x0000000100d40000
[    1.168615] CPU58: Booted secondary processor 0x0000420000 [0x410fd4f0]
[    1.188015] Detected PIPT I-cache on CPU59
[    1.188762] GICv3: CPU59: found redistributor 430000 region 0:0x0000000023140000
[    1.188885] GICv3: CPU59: using allocated LPI pending table @0x0000000100d50000
[    1.189081] CPU59: Booted secondary processor 0x0000430000 [0x410fd4f0]
[    1.208646] Detected PIPT I-cache on CPU60
[    1.209384] GICv3: CPU60: found redistributor 440000 region 0:0x0000000023180000
[    1.209490] GICv3: CPU60: using allocated LPI pending table @0x0000000100d60000
[    1.209668] CPU60: Booted secondary processor 0x0000440000 [0x410fd4f0]
[    1.228997] Detected PIPT I-cache on CPU61
[    1.229762] GICv3: CPU61: found redistributor 460000 region 0:0x0000000023200000
[    1.229868] GICv3: CPU61: using allocated LPI pending table @0x0000000100d70000
[    1.230048] CPU61: Booted secondary processor 0x0000460000 [0x410fd4f0]
[    1.249364] Detected PIPT I-cache on CPU62
[    1.250122] GICv3: CPU62: found redistributor 480000 region 0:0x0000000023280000
[    1.250226] GICv3: CPU62: using allocated LPI pending table @0x0000000100d80000
[    1.250405] CPU62: Booted secondary processor 0x0000480000 [0x410fd4f0]
[    1.269601] Detected PIPT I-cache on CPU63
[    1.270373] GICv3: CPU63: found redistributor 490000 region 0:0x00000000232c0000
[    1.270480] GICv3: CPU63: using allocated LPI pending table @0x0000000100d90000
[    1.270669] CPU63: Booted secondary processor 0x0000490000 [0x410fd4f0]
[    1.290054] Detected PIPT I-cache on CPU64
[    1.290842] GICv3: CPU64: found redistributor 4a0000 region 0:0x0000000023300000
[    1.290946] GICv3: CPU64: using allocated LPI pending table @0x0000000100da0000
[    1.291123] CPU64: Booted secondary processor 0x00004a0000 [0x410fd4f0]
[    1.310095] Detected PIPT I-cache on CPU65
[    1.310900] GICv3: CPU65: found redistributor 4b0000 region 0:0x0000000023340000
[    1.311028] GICv3: CPU65: using allocated LPI pending table @0x0000000100db0000
[    1.311225] CPU65: Booted secondary processor 0x00004b0000 [0x410fd4f0]
[    1.330482] Detected PIPT I-cache on CPU66
[    1.331289] GICv3: CPU66: found redistributor 4c0000 region 0:0x0000000023380000
[    1.331417] GICv3: CPU66: using allocated LPI pending table @0x0000000100dc0000
[    1.331617] CPU66: Booted secondary processor 0x00004c0000 [0x410fd4f0]
[    1.350953] Detected PIPT I-cache on CPU67
[    1.351760] GICv3: CPU67: found redistributor 4d0000 region 0:0x00000000233c0000
[    1.351866] GICv3: CPU67: using allocated LPI pending table @0x0000000100dd0000
[    1.352042] CPU67: Booted secondary processor 0x00004d0000 [0x410fd4f0]
[    1.371369] Detected PIPT I-cache on CPU68
[    1.372166] GICv3: CPU68: found redistributor 4e0000 region 0:0x0000000023400000
[    1.372272] GICv3: CPU68: using allocated LPI pending table @0x0000000100de0000
[    1.372455] CPU68: Booted secondary processor 0x00004e0000 [0x410fd4f0]
[    1.391803] Detected PIPT I-cache on CPU69
[    1.392624] GICv3: CPU69: found redistributor 4f0000 region 0:0x0000000023440000
[    1.392731] GICv3: CPU69: using allocated LPI pending table @0x0000000100df0000
[    1.392918] CPU69: Booted secondary processor 0x00004f0000 [0x410fd4f0]
[    1.412329] Detected PIPT I-cache on CPU70
[    1.413148] GICv3: CPU70: found redistributor 500000 region 0:0x0000000023480000
[    1.413255] GICv3: CPU70: using allocated LPI pending table @0x0000000100e00000
[    1.413440] CPU70: Booted secondary processor 0x0000500000 [0x410fd4f0]
[    1.432741] Detected PIPT I-cache on CPU71
[    1.433596] GICv3: CPU71: found redistributor 510000 region 0:0x00000000234c0000
[    1.433702] GICv3: CPU71: using allocated LPI pending table @0x0000000100e10000
[    1.433887] CPU71: Booted secondary processor 0x0000510000 [0x410fd4f0]
[    1.435231] smp: Brought up 9 nodes, 72 CPUs
[    1.435239] SMP: Total of 72 processors activated.
[    1.435240] CPU features: detected: Branch Target Identification
[    1.435241] CPU features: detected: ARMv8.4 Translation Table Level
[    1.435242] CPU features: detected: Instruction cache invalidation not required for I/D coherence
[    1.435242] CPU features: detected: Data cache clean to the PoU not required for I/D coherence
[    1.435243] CPU features: detected: Common not Private translations
[    1.435244] CPU features: detected: CRC32 instructions
[    1.435245] CPU features: detected: Data cache clean to Point of Deep Persistence
[    1.435246] CPU features: detected: Data cache clean to Point of Persistence
[    1.435247] CPU features: detected: Data independent timing control (DIT)
[    1.435247] CPU features: detected: E0PD
[    1.435248] CPU features: detected: Enhanced Privileged Access Never
[    1.435249] CPU features: detected: Enhanced Virtualization Traps
[    1.435250] CPU features: detected: Generic authentication (architected QARMA5 algorithm)
[    1.435251] CPU features: detected: RCpc load-acquire (LDAPR)
[    1.435251] CPU features: detected: LSE atomic instructions
[    1.435252] CPU features: detected: Privileged Access Never
[    1.435253] CPU features: detected: RAS Extension Support
[    1.435254] CPU features: detected: Speculation barrier (SB)
[    1.435254] CPU features: detected: Stage-2 Force Write-Back
[    1.435254] CPU features: detected: TLB range maintenance instructions
[    1.435256] CPU features: detected: Speculative Store Bypassing Safe (SSBS)
[    1.435256] CPU features: detected: Scalable Vector Extension
[    1.436262] CPU features: detected CPU0: Activity Monitors Unit (AMU)
[    1.436273] CPU features: detected CPU71: Activity Monitors Unit (AMU)
[    1.436273] CPU features: detected CPU48: Activity Monitors Unit (AMU)
[    1.436274] CPU features: detected CPU42: Activity Monitors Unit (AMU)
[    1.436274] CPU features: detected CPU36: Activity Monitors Unit (AMU)
[    1.436274] CPU features: detected CPU21: Activity Monitors Unit (AMU)
[    1.436274] CPU features: detected CPU56: Activity Monitors Unit (AMU)
[    1.436275] CPU features: detected CPU12: Activity Monitors Unit (AMU)
[    1.436272] CPU features: detected CPU69: Activity Monitors Unit (AMU)
[    1.436274] CPU features: detected CPU64: Activity Monitors Unit (AMU)
[    1.436275] CPU features: detected CPU28: Activity Monitors Unit (AMU)
[    1.436273] CPU features: detected CPU65: Activity Monitors Unit (AMU)
[    1.436273] CPU features: detected CPU62: Activity Monitors Unit (AMU)
[    1.436273] CPU features: detected CPU70: Activity Monitors Unit (AMU)
[    1.436274] CPU features: detected CPU19: Activity Monitors Unit (AMU)
[    1.436274] CPU features: detected CPU44: Activity Monitors Unit (AMU)
[    1.436274] CPU features: detected CPU13: Activity Monitors Unit (AMU)
[    1.436274] CPU features: detected CPU51: Activity Monitors Unit (AMU)
[    1.436273] CPU features: detected CPU7: Activity Monitors Unit (AMU)
[    1.436275] CPU features: detected CPU2: Activity Monitors Unit (AMU)
[    1.436274] CPU features: detected CPU32: Activity Monitors Unit (AMU)
[    1.436274] CPU features: detected CPU40: Activity Monitors Unit (AMU)
[    1.436275] CPU features: detected CPU18: Activity Monitors Unit (AMU)
[    1.436273] CPU features: detected CPU50: Activity Monitors Unit (AMU)
[    1.436273] CPU features: detected CPU61: Activity Monitors Unit (AMU)
[    1.436274] CPU features: detected CPU53: Activity Monitors Unit (AMU)
[    1.436273] CPU features: detected CPU39: Activity Monitors Unit (AMU)
[    1.436275] CPU features: detected CPU3: Activity Monitors Unit (AMU)
[    1.436274] CPU features: detected CPU6: Activity Monitors Unit (AMU)
[    1.436273] CPU features: detected CPU57: Activity Monitors Unit (AMU)
[    1.436273] CPU features: detected CPU46: Activity Monitors Unit (AMU)
[    1.436274] CPU features: detected CPU66: Activity Monitors Unit (AMU)
[    1.436274] CPU features: detected CPU8: Activity Monitors Unit (AMU)
[    1.436274] CPU features: detected CPU67: Activity Monitors Unit (AMU)
[    1.436274] CPU features: detected CPU20: Activity Monitors Unit (AMU)
[    1.436275] CPU features: detected CPU10: Activity Monitors Unit (AMU)
[    1.436273] CPU features: detected CPU33: Activity Monitors Unit (AMU)
[    1.436274] CPU features: detected CPU29: Activity Monitors Unit (AMU)
[    1.436274] CPU features: detected CPU55: Activity Monitors Unit (AMU)
[    1.436274] CPU features: detected CPU22: Activity Monitors Unit (AMU)
[    1.436274] CPU features: detected CPU35: Activity Monitors Unit (AMU)
[    1.436274] CPU features: detected CPU27: Activity Monitors Unit (AMU)
[    1.436274] CPU features: detected CPU58: Activity Monitors Unit (AMU)
[    1.436274] CPU features: detected CPU45: Activity Monitors Unit (AMU)
[    1.436274] CPU features: detected CPU54: Activity Monitors Unit (AMU)
[    1.436274] CPU features: detected CPU31: Activity Monitors Unit (AMU)
[    1.436273] CPU features: detected CPU68: Activity Monitors Unit (AMU)
[    1.436274] CPU features: detected CPU60: Activity Monitors Unit (AMU)
[    1.436275] CPU features: detected CPU5: Activity Monitors Unit (AMU)
[    1.436274] CPU features: detected CPU37: Activity Monitors Unit (AMU)
[    1.436274] CPU features: detected CPU59: Activity Monitors Unit (AMU)
[    1.436275] CPU features: detected CPU16: Activity Monitors Unit (AMU)
[    1.436274] CPU features: detected CPU17: Activity Monitors Unit (AMU)
[    1.436273] CPU features: detected CPU24: Activity Monitors Unit (AMU)
[    1.436274] CPU features: detected CPU30: Activity Monitors Unit (AMU)
[    1.436275] CPU features: detected CPU4: Activity Monitors Unit (AMU)
[    1.436275] CPU features: detected CPU11: Activity Monitors Unit (AMU)
[    1.436274] CPU features: detected CPU52: Activity Monitors Unit (AMU)
[    1.436274] CPU features: detected CPU63: Activity Monitors Unit (AMU)
[    1.436275] CPU features: detected CPU41: Activity Monitors Unit (AMU)
[    1.436274] CPU features: detected CPU23: Activity Monitors Unit (AMU)
[    1.436274] CPU features: detected CPU9: Activity Monitors Unit (AMU)
[    1.436274] CPU features: detected CPU1: Activity Monitors Unit (AMU)
[    1.436273] CPU features: detected CPU25: Activity Monitors Unit (AMU)
[    1.436273] CPU features: detected CPU47: Activity Monitors Unit (AMU)
[    1.436273] CPU features: detected CPU38: Activity Monitors Unit (AMU)
[    1.436273] CPU features: detected CPU43: Activity Monitors Unit (AMU)
[    1.436274] CPU features: detected CPU14: Activity Monitors Unit (AMU)
[    1.436274] CPU features: detected CPU15: Activity Monitors Unit (AMU)
[    1.436273] CPU features: detected CPU26: Activity Monitors Unit (AMU)
[    1.436274] CPU features: detected CPU49: Activity Monitors Unit (AMU)
[    1.436273] CPU features: detected CPU34: Activity Monitors Unit (AMU)
[    1.436916] SVE: maximum available vector length 16 bytes per vector
[    1.436923] SVE: default vector length 16 bytes per vector
[    1.436934] CPU: All CPU(s) started at EL2
[    1.436937] alternatives: applying system-wide alternatives
[    1.445532] devtmpfs: initialized
[    1.451192] clocksource: jiffies: mask: 0xffffffff max_cycles: 0xffffffff, max_idle_ns: 7645041785100000 ns
[    1.451243] futex hash table entries: 32768 (order: 5, 2097152 bytes, linear)
[    1.451570] pinctrl core: initialized pinctrl subsystem
[    1.451778] SMBIOS 3.6.0 present.
[    1.451784] DMI: Quanta Cloud Technology Inc. QuantaGrid S74G-2U 1S7GZ9Z0000/S7G MB (CG1), BIOS 3A06 10/05/2023
[    1.452204] NET: Registered PF_NETLINK/PF_ROUTE protocol family
[    1.467888] DMA: preallocated 65536 KiB GFP_KERNEL pool for atomic allocations
[    1.469684] DMA: preallocated 65536 KiB GFP_KERNEL|GFP_DMA pool for atomic allocations
[    1.472587] DMA: preallocated 65536 KiB GFP_KERNEL|GFP_DMA32 pool for atomic allocations
[    1.472608] audit: initializing netlink subsys (disabled)
[    1.472807] audit: type=2000 audit(1.468:1): state=initialized audit_enabled=0 res=1
[    1.473031] thermal_sys: Registered thermal governor 'fair_share'
[    1.473037] thermal_sys: Registered thermal governor 'bang_bang'
[    1.473039] thermal_sys: Registered thermal governor 'step_wise'
[    1.473040] thermal_sys: Registered thermal governor 'user_space'
[    1.473040] thermal_sys: Registered thermal governor 'power_allocator'
[    1.473078] cpuidle: using governor ladder
[    1.473085] cpuidle: using governor menu
[    1.473193] hw-breakpoint: found 6 breakpoint and 4 watchpoint registers.
[    1.478628] ASID allocator initialised with 65536 entries
[    1.478707] acpiphp: ACPI Hot Plug PCI Controller Driver version: 0.5
[    1.478836] Serial: AMBA PL011 UART driver
[    1.479556] Modules: 2G module region forced by RANDOMIZE_MODULE_REGION_FULL
[    1.479560] Modules: 0 pages in range for non-PLT usage
[    1.479561] Modules: 31863 pages in range for PLT usage
[    1.482767] HugeTLB: registered 16.0 GiB page size, pre-allocated 0 pages
[    1.482775] HugeTLB: 0 KiB vmemmap can be freed for a 16.0 GiB page
[    1.482776] HugeTLB: registered 512 MiB page size, pre-allocated 0 pages
[    1.482777] HugeTLB: 0 KiB vmemmap can be freed for a 512 MiB page
[    1.482777] HugeTLB: registered 2.00 MiB page size, pre-allocated 0 pages
[    1.482778] HugeTLB: 0 KiB vmemmap can be freed for a 2.00 MiB page
[    1.484674] ACPI: Added _OSI(Module Device)
[    1.484683] ACPI: Added _OSI(Processor Device)
[    1.484684] ACPI: Added _OSI(3.0 _SCP Extensions)
[    1.484685] ACPI: Added _OSI(Processor Aggregator Device)
[    1.485920] ACPI: 12 ACPI AML tables successfully acquired and loaded
[    1.486460] ACPI: Interpreter enabled
[    1.486466] ACPI: Using GIC for interrupt routing
[    1.486607] ACPI: MCFG table detected, 7 entries
[    1.486966] HEST: Table parsing has been initialized.
[    1.487015] sdei: SDEIv1.0 (0x0) detected in firmware.
[    1.498135] GHES: APEI firmware first mode is enabled by APEI bit and WHEA _OSC.
[    1.498265] ACPI: IORT: SMMU-v3[11000000] Mapped to Proximity domain 0
[    1.498287] ACPI: IORT: SMMU-v3[12000000] Mapped to Proximity domain 0
[    1.498304] ACPI: IORT: SMMU-v3[15000000] Mapped to Proximity domain 0
[    1.498321] ACPI: IORT: SMMU-v3[16000000] Mapped to Proximity domain 0
[    1.498358] ACPI: IORT: SMMU-v3[5000000] Mapped to Proximity domain 0
[    1.501735] ARMH0011:00: ttyAMA0 at MMIO 0xc280000 (irq = 66, base_baud = 0) is a SBSA
[    1.501750] printk: console [ttyAMA0] enabled
[    6.221396] ACPI: PCI Root Bridge [PCI0] (domain 0000 [bus 00-ff])
[    6.227754] acpi PNP0A08:00: _OSC: OS supports [ExtendedConfig ASPM ClockPM Segments MSI EDR HPX-Type3]
[    6.237389] acpi PNP0A08:00: _OSC: platform does not support [SHPCHotplug PME AER DPC]
[    6.245514] acpi PNP0A08:00: _OSC: OS now controls [PCIeHotplug PCIeCapability LTR]
[    6.253466] acpi PNP0A08:00: ECAM area [mem 0x600010000000-0x60001fffffff] reserved by PNP0C02:01
[    6.262623] acpi PNP0A08:00: ECAM at [mem 0x600010000000-0x60001fffffff] for [bus 00-ff]
[    6.270907] ACPI: Remapped I/O 0x0000600020000000 to [io  0x0000-0xffff window]
[    6.278422] PCI host bridge to bus 0000:00
[    6.282612] pci_bus 0000:00: root bus resource [mem 0x600040000000-0x6000bfffffff window] (bus address [0x40000000-0xbfffffff])
[    6.294354] pci_bus 0000:00: root bus resource [mem 0x6000c0000000-0x607fffffffff window]
[    6.302719] pci_bus 0000:00: root bus resource [io  0x0000-0xffff window]
[    6.309663] pci_bus 0000:00: root bus resource [bus 00-ff]
[    6.315284] pci 0000:00:00.0: [10de:22b2] type 01 class 0x060400
[    6.321437] pci 0000:00:00.0: enabling Extended Tags
[    6.326540] pci 0000:00:00.0: PME# supported from D0 D3hot
[    6.332376] pci 0000:01:00.0: [15b3:1021] type 00 class 0x020000
[    6.338613] pci 0000:01:00.0: reg 0x10: [mem 0x6000c2000000-0x6000c3ffffff 64bit pref]
[    6.346908] pci 0000:01:00.0: reg 0x30: [mem 0x600040100000-0x6000401fffff pref]
[    6.354510] pci 0000:01:00.0: enabling Extended Tags
[    6.360147] pci 0000:01:00.0: PME# supported from D3cold
[    6.365751] pci 0000:01:00.0: reg 0x1a4: [mem 0x00000000-0x001fffff 64bit pref]
[    6.373235] pci 0000:01:00.0: VF(n) BAR0 space: [mem 0x00000000-0x01ffffff 64bit pref] (contains BAR0 for 16 VFs)
[    6.385192] pci 0000:01:00.1: [15b3:1021] type 00 class 0x020000
[    6.391422] pci 0000:01:00.1: reg 0x10: [mem 0x6000c0000000-0x6000c1ffffff 64bit pref]
[    6.399715] pci 0000:01:00.1: reg 0x30: [mem 0x600040000000-0x6000400fffff pref]
[    6.407316] pci 0000:01:00.1: enabling Extended Tags
[    6.412817] pci 0000:01:00.1: PME# supported from D3cold
[    6.418411] pci 0000:01:00.1: reg 0x1a4: [mem 0x00000000-0x001fffff 64bit pref]
[    6.425895] pci 0000:01:00.1: VF(n) BAR0 space: [mem 0x00000000-0x01ffffff 64bit pref] (contains BAR0 for 16 VFs)
[    6.437447] pci_bus 0000:00: on NUMA node 0
[    6.437450] pci_bus 0000:00: max bus depth: 1 pci_try_num: 2
[    6.443243] pci 0000:00:00.0: BAR 15: assigned [mem 0x6000c0000000-0x6000c7ffffff 64bit pref]
[    6.451964] pci 0000:00:00.0: BAR 14: assigned [mem 0x600040000000-0x6000401fffff]
[    6.459707] pci 0000:00:00.0: BAR 13: assigned [io  0x1000-0x1fff]
[    6.466031] pci 0000:01:00.0: BAR 0: assigned [mem 0x6000c0000000-0x6000c1ffffff 64bit pref]
[    6.474706] pci 0000:01:00.1: BAR 0: assigned [mem 0x6000c2000000-0x6000c3ffffff 64bit pref]
[    6.483379] pci 0000:01:00.0: BAR 7: assigned [mem 0x6000c4000000-0x6000c5ffffff 64bit pref]
[    6.492034] pci 0000:01:00.1: BAR 7: assigned [mem 0x6000c6000000-0x6000c7ffffff 64bit pref]
[    6.500691] pci 0000:01:00.0: BAR 6: assigned [mem 0x600040000000-0x6000400fffff pref]
[    6.508790] pci 0000:01:00.1: BAR 6: assigned [mem 0x600040100000-0x6000401fffff pref]
[    6.516890] pci 0000:00:00.0: PCI bridge to [bus 01]
[    6.521971] pci 0000:00:00.0:   bridge window [io  0x1000-0x1fff]
[    6.528204] pci 0000:00:00.0:   bridge window [mem 0x600040000000-0x6000401fffff]
[    6.535859] pci 0000:00:00.0:   bridge window [mem 0x6000c0000000-0x6000c7ffffff 64bit pref]
[    6.544494] pci_bus 0000:00: resource 4 [mem 0x600040000000-0x6000bfffffff window]
[    6.552239] pci_bus 0000:00: resource 5 [mem 0x6000c0000000-0x607fffffffff window]
[    6.559982] pci_bus 0000:00: resource 6 [io  0x0000-0xffff window]
[    6.566304] pci_bus 0000:01: resource 0 [io  0x1000-0x1fff]
[    6.572002] pci_bus 0000:01: resource 1 [mem 0x600040000000-0x6000401fffff]
[    6.579124] pci_bus 0000:01: resource 2 [mem 0x6000c0000000-0x6000c7ffffff 64bit pref]
[    6.587244] ACPI: PCI Root Bridge [PCI2] (domain 0002 [bus 00-ff])
[    6.593567] acpi PNP0A08:01: _OSC: OS supports [ExtendedConfig ASPM ClockPM Segments MSI EDR HPX-Type3]
[    6.603193] acpi PNP0A08:01: _OSC: platform does not support [SHPCHotplug PME AER DPC]
[    6.611316] acpi PNP0A08:01: _OSC: OS now controls [PCIeHotplug PCIeCapability LTR]
[    6.619260] acpi PNP0A08:01: ECAM area [mem 0x610010000000-0x61001fffffff] reserved by PNP0C02:02
[    6.628410] acpi PNP0A08:01: ECAM at [mem 0x610010000000-0x61001fffffff] for [bus 00-ff]
[    6.636689] ACPI: Remapped I/O 0x0000610020000000 to [io  0x10000-0x1ffff window]
[    6.644364] PCI host bridge to bus 0002:00
[    6.648551] pci_bus 0002:00: root bus resource [mem 0x610040000000-0x6100bfffffff window] (bus address [0x40000000-0xbfffffff])
[    6.660293] pci_bus 0002:00: root bus resource [mem 0x6100c0000000-0x617fffffffff window]
[    6.668658] pci_bus 0002:00: root bus resource [io  0x10000-0x1ffff window] (bus address [0x0000-0xffff])
[    6.678444] pci_bus 0002:00: root bus resource [bus 00-ff]
[    6.684060] pci 0002:00:00.0: [10de:22b2] type 01 class 0x060400
[    6.690217] pci 0002:00:00.0: enabling Extended Tags
[    6.695327] pci 0002:00:00.0: PME# supported from D0 D3hot
[    6.701113] pci 0002:01:00.0: [8086:1528] type 00 class 0x020000
[    6.707274] pci 0002:01:00.0: reg 0x10: [mem 0x6100c0200000-0x6100c03fffff 64bit pref]
[    6.715393] pci 0002:01:00.0: reg 0x20: [mem 0x6100c0404000-0x6100c0407fff 64bit pref]
[    6.723495] pci 0002:01:00.0: reg 0x30: [mem 0x610040080000-0x6100400fffff pref]
[    6.731137] pci 0002:01:00.0: PME# supported from D0 D3hot
[    6.736780] pci 0002:01:00.0: reg 0x184: [mem 0x00000000-0x0000ffff 64bit]
[    6.743811] pci 0002:01:00.0: VF(n) BAR0 space: [mem 0x00000000-0x003fffff 64bit] (contains BAR0 for 64 VFs)
[    6.753880] pci 0002:01:00.0: reg 0x190: [mem 0x00000000-0x0000ffff 64bit]
[    6.760912] pci 0002:01:00.0: VF(n) BAR3 space: [mem 0x00000000-0x003fffff 64bit] (contains BAR3 for 64 VFs)
[    6.771338] pci 0002:01:00.1: [8086:1528] type 00 class 0x020000
[    6.777498] pci 0002:01:00.1: reg 0x10: [mem 0x6100c0000000-0x6100c01fffff 64bit pref]
[    6.785620] pci 0002:01:00.1: reg 0x20: [mem 0x6100c0400000-0x6100c0403fff 64bit pref]
[    6.793726] pci 0002:01:00.1: reg 0x30: [mem 0x610040000000-0x61004007ffff pref]
[    6.801368] pci 0002:01:00.1: PME# supported from D0 D3hot
[    6.807008] pci 0002:01:00.1: reg 0x184: [mem 0x00000000-0x0000ffff 64bit]
[    6.814041] pci 0002:01:00.1: VF(n) BAR0 space: [mem 0x00000000-0x003fffff 64bit] (contains BAR0 for 64 VFs)
[    6.824114] pci 0002:01:00.1: reg 0x190: [mem 0x00000000-0x0000ffff 64bit]
[    6.831146] pci 0002:01:00.1: VF(n) BAR3 space: [mem 0x00000000-0x003fffff 64bit] (contains BAR3 for 64 VFs)
[    6.841547] pci 0002:00:00.0: ASPM: current common clock configuration is inconsistent, reconfiguring
[    6.863012] pci_bus 0002:00: on NUMA node 0
[    6.863015] pci_bus 0002:00: max bus depth: 1 pci_try_num: 2
[    6.868803] pci 0002:00:00.0: BAR 14: assigned [mem 0x610040000000-0x6100410fffff]
[    6.876549] pci 0002:00:00.0: BAR 15: assigned [mem 0x6100c0000000-0x6100c04fffff 64bit pref]
[    6.885274] pci 0002:00:00.0: BAR 13: assigned [io  0x10000-0x10fff]
[    6.891776] pci 0002:01:00.0: BAR 0: assigned [mem 0x6100c0000000-0x6100c01fffff 64bit pref]
[    6.900416] pci 0002:01:00.1: BAR 0: assigned [mem 0x6100c0200000-0x6100c03fffff 64bit pref]
[    6.909059] pci 0002:01:00.0: BAR 6: assigned [mem 0x610040000000-0x61004007ffff pref]
[    6.917158] pci 0002:01:00.1: BAR 6: assigned [mem 0x610040080000-0x6100400fffff pref]
[    6.925256] pci 0002:01:00.0: BAR 7: assigned [mem 0x610040100000-0x6100404fffff 64bit]
[    6.933448] pci 0002:01:00.0: BAR 10: assigned [mem 0x610040500000-0x6100408fffff 64bit]
[    6.941729] pci 0002:01:00.1: BAR 7: assigned [mem 0x610040900000-0x610040cfffff 64bit]
[    6.949920] pci 0002:01:00.1: BAR 10: assigned [mem 0x610040d00000-0x6100410fffff 64bit]
[    6.958202] pci 0002:01:00.0: BAR 4: assigned [mem 0x6100c0400000-0x6100c0403fff 64bit pref]
[    6.966843] pci 0002:01:00.1: BAR 4: assigned [mem 0x6100c0404000-0x6100c0407fff 64bit pref]
[    6.975482] pci 0002:00:00.0: PCI bridge to [bus 01]
[    6.980559] pci 0002:00:00.0:   bridge window [io  0x10000-0x10fff]
[    6.986970] pci 0002:00:00.0:   bridge window [mem 0x610040000000-0x6100410fffff]
[    6.994625] pci 0002:00:00.0:   bridge window [mem 0x6100c0000000-0x6100c04fffff 64bit pref]
[    7.003258] pci_bus 0002:00: resource 4 [mem 0x610040000000-0x6100bfffffff window]
[    7.011001] pci_bus 0002:00: resource 5 [mem 0x6100c0000000-0x617fffffffff window]
[    7.018743] pci_bus 0002:00: resource 6 [io  0x10000-0x1ffff window]
[    7.025242] pci_bus 0002:01: resource 0 [io  0x10000-0x10fff]
[    7.031118] pci_bus 0002:01: resource 1 [mem 0x610040000000-0x6100410fffff]
[    7.038241] pci_bus 0002:01: resource 2 [mem 0x6100c0000000-0x6100c04fffff 64bit pref]
[    7.046358] ACPI: PCI Root Bridge [PCI4] (domain 0004 [bus 00-ff])
[    7.052682] acpi PNP0A08:02: _OSC: OS supports [ExtendedConfig ASPM ClockPM Segments MSI EDR HPX-Type3]
[    7.062310] acpi PNP0A08:02: _OSC: platform does not support [SHPCHotplug PME AER DPC]
[    7.070429] acpi PNP0A08:02: _OSC: OS now controls [PCIeHotplug PCIeCapability LTR]
[    7.078367] acpi PNP0A08:02: ECAM area [mem 0x620010000000-0x62001fffffff] reserved by PNP0C02:03
[    7.087512] acpi PNP0A08:02: ECAM at [mem 0x620010000000-0x62001fffffff] for [bus 00-ff]
[    7.095795] ACPI: Remapped I/O 0x0000620020000000 to [io  0x20000-0x2ffff window]
[    7.103471] PCI host bridge to bus 0004:00
[    7.107658] pci_bus 0004:00: root bus resource [mem 0x620040000000-0x6200bfffffff window] (bus address [0x40000000-0xbfffffff])
[    7.119400] pci_bus 0004:00: root bus resource [mem 0x6200c0000000-0x627fffffffff window]
[    7.127767] pci_bus 0004:00: root bus resource [io  0x20000-0x2ffff window] (bus address [0x0000-0xffff])
[    7.137554] pci_bus 0004:00: root bus resource [bus 00-ff]
[    7.143168] pci 0004:00:00.0: [10de:22b2] type 01 class 0x060400
[    7.149318] pci 0004:00:00.0: enabling Extended Tags
[    7.154413] pci 0004:00:00.0: PME# supported from D0 D3hot
[    7.160161] pci 0004:01:00.0: [144d:a80a] type 00 class 0x010802
[    7.166317] pci 0004:01:00.0: reg 0x10: [mem 0x620040010000-0x620040013fff 64bit]
[    7.173992] pci 0004:01:00.0: reg 0x30: [mem 0x620040000000-0x62004000ffff pref]
[    7.181561] pci 0004:01:00.0: enabling Extended Tags
[    7.186760] pci_bus 0004:00: on NUMA node 0
[    7.186762] pci 0004:00:00.0: bridge window [io  0x1000-0x0fff] to [bus 01] add_size 1000
[    7.195129] pci 0004:00:00.0: bridge window [mem 0x00100000-0x000fffff 64bit pref] to [bus 01] add_size 200000 add_align 100000
[    7.206874] pci 0004:00:00.0: bridge window [mem 0x00100000-0x001fffff] to [bus 01] add_size 100000 add_align 100000
[    7.217642] pci 0004:00:00.0: BAR 14: assigned [mem 0x620040000000-0x6200401fffff]
[    7.225384] pci 0004:00:00.0: BAR 15: assigned [mem 0x6200c0000000-0x6200c01fffff 64bit pref]
[    7.234105] pci 0004:00:00.0: BAR 13: assigned [io  0x20000-0x20fff]
[    7.240603] pci 0004:01:00.0: BAR 6: assigned [mem 0x620040000000-0x62004000ffff pref]
[    7.248704] pci 0004:01:00.0: BAR 0: assigned [mem 0x620040010000-0x620040013fff 64bit]
[    7.256895] pci 0004:00:00.0: PCI bridge to [bus 01]
[    7.261972] pci 0004:00:00.0:   bridge window [io  0x20000-0x20fff]
[    7.268382] pci 0004:00:00.0:   bridge window [mem 0x620040000000-0x6200401fffff]
[    7.276037] pci 0004:00:00.0:   bridge window [mem 0x6200c0000000-0x6200c01fffff 64bit pref]
[    7.284670] pci_bus 0004:00: resource 4 [mem 0x620040000000-0x6200bfffffff window]
[    7.292414] pci_bus 0004:00: resource 5 [mem 0x6200c0000000-0x627fffffffff window]
[    7.300158] pci_bus 0004:00: resource 6 [io  0x20000-0x2ffff window]
[    7.306657] pci_bus 0004:01: resource 0 [io  0x20000-0x20fff]
[    7.312535] pci_bus 0004:01: resource 1 [mem 0x620040000000-0x6200401fffff]
[    7.319657] pci_bus 0004:01: resource 2 [mem 0x6200c0000000-0x6200c01fffff 64bit pref]
[    7.327773] ACPI: PCI Root Bridge [PCI5] (domain 0005 [bus 00-ff])
[    7.334095] acpi PNP0A08:03: _OSC: OS supports [ExtendedConfig ASPM ClockPM Segments MSI EDR HPX-Type3]
[    7.343723] acpi PNP0A08:03: _OSC: platform does not support [SHPCHotplug PME AER DPC]
[    7.351842] acpi PNP0A08:03: _OSC: OS now controls [PCIeHotplug PCIeCapability LTR]
[    7.359778] acpi PNP0A08:03: ECAM area [mem 0x628010000000-0x62801fffffff] reserved by PNP0C02:04
[    7.368925] acpi PNP0A08:03: ECAM at [mem 0x628010000000-0x62801fffffff] for [bus 00-ff]
[    7.377206] ACPI: Remapped I/O 0x0000628020000000 to [io  0x30000-0x3ffff window]
[    7.384881] PCI host bridge to bus 0005:00
[    7.389068] pci_bus 0005:00: root bus resource [mem 0x628040000000-0x6280bfffffff window] (bus address [0x40000000-0xbfffffff])
[    7.400811] pci_bus 0005:00: root bus resource [mem 0x6280c0000000-0x62ffffffffff window]
[    7.409177] pci_bus 0005:00: root bus resource [io  0x30000-0x3ffff window] (bus address [0x0000-0xffff])
[    7.418965] pci_bus 0005:00: root bus resource [bus 00-ff]
[    7.424578] pci 0005:00:00.0: [10de:22b8] type 01 class 0x060400
[    7.430727] pci 0005:00:00.0: enabling Extended Tags
[    7.435825] pci 0005:00:00.0: PME# supported from D0 D3hot
[    7.441555] pci 0005:01:00.0: [144d:a80a] type 00 class 0x010802
[    7.447710] pci 0005:01:00.0: reg 0x10: [mem 0x628040010000-0x628040013fff 64bit]
[    7.455384] pci 0005:01:00.0: reg 0x30: [mem 0x628040000000-0x62804000ffff pref]
[    7.462955] pci 0005:01:00.0: enabling Extended Tags
[    7.468154] pci_bus 0005:00: on NUMA node 0
[    7.468156] pci 0005:00:00.0: bridge window [io  0x1000-0x0fff] to [bus 01] add_size 1000
[    7.476520] pci 0005:00:00.0: bridge window [mem 0x00100000-0x000fffff 64bit pref] to [bus 01] add_size 200000 add_align 100000
[    7.488265] pci 0005:00:00.0: bridge window [mem 0x00100000-0x001fffff] to [bus 01] add_size 100000 add_align 100000
[    7.499031] pci 0005:00:00.0: BAR 14: assigned [mem 0x628040000000-0x6280401fffff]
[    7.506775] pci 0005:00:00.0: BAR 15: assigned [mem 0x6280c0000000-0x6280c01fffff 64bit pref]
[    7.515495] pci 0005:00:00.0: BAR 13: assigned [io  0x30000-0x30fff]
[    7.521994] pci 0005:01:00.0: BAR 6: assigned [mem 0x628040000000-0x62804000ffff pref]
[    7.530094] pci 0005:01:00.0: BAR 0: assigned [mem 0x628040010000-0x628040013fff 64bit]
[    7.538288] pci 0005:00:00.0: PCI bridge to [bus 01]
[    7.543365] pci 0005:00:00.0:   bridge window [io  0x30000-0x30fff]
[    7.549775] pci 0005:00:00.0:   bridge window [mem 0x628040000000-0x6280401fffff]
[    7.557430] pci 0005:00:00.0:   bridge window [mem 0x6280c0000000-0x6280c01fffff 64bit pref]
[    7.566062] pci_bus 0005:00: resource 4 [mem 0x628040000000-0x6280bfffffff window]
[    7.573806] pci_bus 0005:00: resource 5 [mem 0x6280c0000000-0x62ffffffffff window]
[    7.581549] pci_bus 0005:00: resource 6 [io  0x30000-0x3ffff window]
[    7.588048] pci_bus 0005:01: resource 0 [io  0x30000-0x30fff]
[    7.593925] pci_bus 0005:01: resource 1 [mem 0x628040000000-0x6280401fffff]
[    7.601048] pci_bus 0005:01: resource 2 [mem 0x6280c0000000-0x6280c01fffff 64bit pref]
[    7.609161] ACPI: PCI Root Bridge [PCI6] (domain 0006 [bus 00-ff])
[    7.615482] acpi PNP0A08:04: _OSC: OS supports [ExtendedConfig ASPM ClockPM Segments MSI EDR HPX-Type3]
[    7.625107] acpi PNP0A08:04: _OSC: platform does not support [SHPCHotplug PME AER DPC]
[    7.633227] acpi PNP0A08:04: _OSC: OS now controls [PCIeHotplug PCIeCapability LTR]
[    7.641167] acpi PNP0A08:04: ECAM area [mem 0x630010000000-0x63001fffffff] reserved by PNP0C02:05
[    7.650313] acpi PNP0A08:04: ECAM at [mem 0x630010000000-0x63001fffffff] for [bus 00-ff]
[    7.658593] ACPI: Remapped I/O 0x0000630020000000 to [io  0x40000-0x4ffff window]
[    7.666264] PCI host bridge to bus 0006:00
[    7.670451] pci_bus 0006:00: root bus resource [mem 0x630040000000-0x6300bfffffff window] (bus address [0x40000000-0xbfffffff])
[    7.682194] pci_bus 0006:00: root bus resource [mem 0x6300c0000000-0x63ffffffffff window]
[    7.690559] pci_bus 0006:00: root bus resource [io  0x40000-0x4ffff window] (bus address [0x0000-0xffff])
[    7.700346] pci_bus 0006:00: root bus resource [bus 00-ff]
[    7.705957] pci 0006:00:00.0: [10de:22b2] type 01 class 0x060400
[    7.712111] pci 0006:00:00.0: enabling Extended Tags
[    7.717208] pci 0006:00:00.0: PME# supported from D0 D3hot
[    7.722937] pci 0006:01:00.0: [1000:00e6] type 00 class 0x010700
[    7.729089] pci 0006:01:00.0: reg 0x10: [mem 0x6300c0100000-0x6300c01fffff 64bit pref]
[    7.737194] pci 0006:01:00.0: reg 0x18: [mem 0x6300c0000000-0x6300c00fffff 64bit pref]
[    7.745295] pci 0006:01:00.0: reg 0x20: [mem 0x630040000000-0x6300400fffff]
[    7.752419] pci 0006:01:00.0: reg 0x24: [io  0x40000-0x400ff]
[    7.758298] pci 0006:01:00.0: reg 0x30: [mem 0x630040100000-0x63004013ffff pref]
[    7.765866] pci 0006:01:00.0: enabling Extended Tags
[    7.770984] pci 0006:01:00.0: supports D1 D2
[    7.775458] pci_bus 0006:00: on NUMA node 0
[    7.775461] pci 0006:00:00.0: BAR 14: assigned [mem 0x630040000000-0x6300401fffff]
[    7.783204] pci 0006:00:00.0: BAR 15: assigned [mem 0x6300c0000000-0x6300c01fffff 64bit pref]
[    7.791924] pci 0006:00:00.0: BAR 13: assigned [io  0x40000-0x40fff]
[    7.798423] pci 0006:01:00.0: BAR 0: assigned [mem 0x6300c0000000-0x6300c00fffff 64bit pref]
[    7.807058] pci 0006:01:00.0: BAR 2: assigned [mem 0x6300c0100000-0x6300c01fffff 64bit pref]
[    7.815693] pci 0006:01:00.0: BAR 4: assigned [mem 0x630040000000-0x6300400fffff]
[    7.823349] pci 0006:01:00.0: BAR 6: assigned [mem 0x630040100000-0x63004013ffff pref]
[    7.831448] pci 0006:01:00.0: BAR 5: assigned [io  0x40000-0x400ff]
[    7.837858] pci 0006:00:00.0: PCI bridge to [bus 01]
[    7.842931] pci 0006:00:00.0:   bridge window [io  0x40000-0x40fff]
[    7.849340] pci 0006:00:00.0:   bridge window [mem 0x630040000000-0x6300401fffff]
[    7.856995] pci 0006:00:00.0:   bridge window [mem 0x6300c0000000-0x6300c01fffff 64bit pref]
[    7.865628] pci_bus 0006:00: resource 4 [mem 0x630040000000-0x6300bfffffff window]
[    7.873371] pci_bus 0006:00: resource 5 [mem 0x6300c0000000-0x63ffffffffff window]
[    7.881114] pci_bus 0006:00: resource 6 [io  0x40000-0x4ffff window]
[    7.887612] pci_bus 0006:01: resource 0 [io  0x40000-0x40fff]
[    7.893490] pci_bus 0006:01: resource 1 [mem 0x630040000000-0x6300401fffff]
[    7.900611] pci_bus 0006:01: resource 2 [mem 0x6300c0000000-0x6300c01fffff 64bit pref]
[    7.908728] ACPI: PCI Root Bridge [PCI8] (domain 0008 [bus 00-ff])
[    7.915049] acpi PNP0A08:05: _OSC: OS supports [ExtendedConfig ASPM ClockPM Segments MSI EDR HPX-Type3]
[    7.924673] acpi PNP0A08:05: _OSC: platform does not support [SHPCHotplug PME AER DPC]
[    7.932792] acpi PNP0A08:05: _OSC: OS now controls [PCIeHotplug PCIeCapability LTR]
[    7.940755] acpi PNP0A08:05: ECAM area [mem 0x650010000000-0x65001fffffff] reserved by PNP0C02:06
[    7.949903] acpi PNP0A08:05: ECAM at [mem 0x650010000000-0x65001fffffff] for [bus 00-ff]
[    7.958183] ACPI: Remapped I/O 0x0000650020000000 to [io  0x50000-0x5ffff window]
[    7.965858] PCI host bridge to bus 0008:00
[    7.970050] pci_bus 0008:00: root bus resource [mem 0x650040000000-0x6500bfffffff window] (bus address [0x40000000-0xbfffffff])
[    7.981796] pci_bus 0008:00: root bus resource [mem 0x6500c0000000-0x65ffffffffff window]
[    7.990164] pci_bus 0008:00: root bus resource [io  0x50000-0x5ffff window] (bus address [0x0000-0xffff])
[    7.999951] pci_bus 0008:00: root bus resource [bus 00-ff]
[    8.005570] pci 0008:00:00.0: [10de:22b9] type 01 class 0x060400
[    8.011727] pci 0008:00:00.0: enabling Extended Tags
[    8.016836] pci 0008:00:00.0: PME# supported from D0 D3hot
[    8.022612] pci 0008:01:00.0: [12d8:b304] type 01 class 0x060400
[    8.028883] pci 0008:01:00.0: supports D1 D2
[    8.033249] pci 0008:01:00.0: PME# supported from D0 D1 D2 D3hot D3cold
[    8.040080] pci 0008:01:00.0: PTM enabled (root), unknown granularity
[    8.046689] pci 0008:01:00.0: 4.000 Gb/s available PCIe bandwidth, limited by 5.0 GT/s PCIe x1 link at 0008:00:00.0 (capable of 8.000 Gb/s with 5.0 GT/s PCIe x2 link)
[    8.062031] pci 0008:02:01.0: [12d8:b304] type 01 class 0x060400
[    8.068305] pci 0008:02:01.0: supports D1 D2
[    8.072668] pci 0008:02:01.0: PME# supported from D0 D1 D2 D3hot D3cold
[    8.079579] pci 0008:02:02.0: [12d8:b304] type 01 class 0x060400
[    8.085854] pci 0008:02:02.0: supports D1 D2
[    8.090218] pci 0008:02:02.0: PME# supported from D0 D1 D2 D3hot D3cold
[    8.097201] pci 0008:03:00.0: [1a03:1150] type 01 class 0x060400
[    8.103412] pci 0008:03:00.0: enabling Extended Tags
[    8.108581] pci 0008:03:00.0: supports D1 D2
[    8.112949] pci 0008:03:00.0: PME# supported from D0 D1 D2 D3hot D3cold
[    8.119915] pci_bus 0008:04: extended config space not accessible
[    8.126163] pci 0008:04:00.0: [1a03:2000] type 00 class 0x030000
[    8.132323] pci 0008:04:00.0: reg 0x10: [mem 0x650040000000-0x650041ffffff]
[    8.139456] pci 0008:04:00.0: reg 0x14: [mem 0x650042000000-0x65004203ffff]
[    8.146589] pci 0008:04:00.0: reg 0x18: [io  0x50000-0x5007f]
[    8.152518] pci 0008:04:00.0: BAR 0: assigned to efifb
[    8.157816] pci 0008:04:00.0: supports D1 D2
[    8.162180] pci 0008:04:00.0: PME# supported from D0 D1 D2 D3hot D3cold
[    8.169109] pci 0008:05:00.0: [1912:0014] type 00 class 0x0c0330
[    8.175280] pci 0008:05:00.0: reg 0x10: [mem 0x650042200000-0x650042201fff 64bit]
[    8.183091] pci 0008:05:00.0: PME# supported from D0 D3hot D3cold
[    8.189469] pci_bus 0008:00: on NUMA node 0
[    8.189472] pci 0008:00:00.0: bridge window [mem 0x00100000-0x000fffff 64bit pref] to [bus 01-05] add_size 200000 add_align 100000
[    8.201487] pci 0008:00:00.0: BAR 14: assigned [mem 0x650040000000-0x6500437fffff]
[    8.209230] pci 0008:00:00.0: BAR 15: assigned [mem 0x6500c0000000-0x6500c01fffff 64bit pref]
[    8.217955] pci 0008:00:00.0: BAR 13: assigned [io  0x50000-0x50fff]
[    8.224457] pci 0008:01:00.0: BAR 14: assigned [mem 0x650040000000-0x6500437fffff]
[    8.232204] pci 0008:01:00.0: BAR 13: assigned [io  0x50000-0x50fff]
[    8.238702] pci 0008:02:01.0: BAR 14: assigned [mem 0x650040000000-0x650042ffffff]
[    8.246448] pci 0008:02:02.0: BAR 14: assigned [mem 0x650043000000-0x6500430fffff]
[    8.254191] pci 0008:02:01.0: BAR 13: assigned [io  0x50000-0x50fff]
[    8.260689] pci 0008:03:00.0: BAR 14: assigned [mem 0x650040000000-0x650042ffffff]
[    8.268433] pci 0008:03:00.0: BAR 13: assigned [io  0x50000-0x50fff]
[    8.274931] pci 0008:04:00.0: BAR 0: assigned [mem 0x650040000000-0x650041ffffff]
[    8.282588] pci 0008:04:00.0: BAR 1: assigned [mem 0x650042000000-0x65004203ffff]
[    8.290247] pci 0008:04:00.0: BAR 2: assigned [io  0x50000-0x5007f]
[    8.296659] pci 0008:03:00.0: PCI bridge to [bus 04]
[    8.301737] pci 0008:03:00.0:   bridge window [io  0x50000-0x50fff]
[    8.308149] pci 0008:03:00.0:   bridge window [mem 0x650040000000-0x650042ffffff]
[    8.315811] pci 0008:02:01.0: PCI bridge to [bus 03-04]
[    8.321154] pci 0008:02:01.0:   bridge window [io  0x50000-0x50fff]
[    8.327567] pci 0008:02:01.0:   bridge window [mem 0x650040000000-0x650042ffffff]
[    8.335227] pci 0008:05:00.0: BAR 0: assigned [mem 0x650043000000-0x650043001fff 64bit]
[    8.343425] pci 0008:02:02.0: PCI bridge to [bus 05]
[    8.348502] pci 0008:02:02.0:   bridge window [mem 0x650043000000-0x6500430fffff]
[    8.356162] pci 0008:01:00.0: PCI bridge to [bus 02-05]
[    8.361505] pci 0008:01:00.0:   bridge window [io  0x50000-0x50fff]
[    8.367919] pci 0008:01:00.0:   bridge window [mem 0x650040000000-0x6500437fffff]
[    8.375579] pci 0008:00:00.0: PCI bridge to [bus 01-05]
[    8.380921] pci 0008:00:00.0:   bridge window [io  0x50000-0x50fff]
[    8.387331] pci 0008:00:00.0:   bridge window [mem 0x650040000000-0x6500437fffff]
[    8.394988] pci 0008:00:00.0:   bridge window [mem 0x6500c0000000-0x6500c01fffff 64bit pref]
[    8.403621] pci_bus 0008:00: resource 4 [mem 0x650040000000-0x6500bfffffff window]
[    8.411366] pci_bus 0008:00: resource 5 [mem 0x6500c0000000-0x65ffffffffff window]
[    8.419108] pci_bus 0008:00: resource 6 [io  0x50000-0x5ffff window]
[    8.425605] pci_bus 0008:01: resource 0 [io  0x50000-0x50fff]
[    8.431481] pci_bus 0008:01: resource 1 [mem 0x650040000000-0x6500437fffff]
[    8.438602] pci_bus 0008:01: resource 2 [mem 0x6500c0000000-0x6500c01fffff 64bit pref]
[    8.446700] pci_bus 0008:02: resource 0 [io  0x50000-0x50fff]
[    8.452574] pci_bus 0008:02: resource 1 [mem 0x650040000000-0x6500437fffff]
[    8.459695] pci_bus 0008:03: resource 0 [io  0x50000-0x50fff]
[    8.465569] pci_bus 0008:03: resource 1 [mem 0x650040000000-0x650042ffffff]
[    8.472692] pci_bus 0008:04: resource 0 [io  0x50000-0x50fff]
[    8.478570] pci_bus 0008:04: resource 1 [mem 0x650040000000-0x650042ffffff]
[    8.485691] pci_bus 0008:05: resource 1 [mem 0x650043000000-0x6500430fffff]
[    8.492835] ACPI: PCI Root Bridge [PCI9] (domain 0009 [bus 00-ff])
[    8.499157] acpi PNP0A08:06: _OSC: OS supports [ExtendedConfig ASPM ClockPM Segments MSI EDR HPX-Type3]
[    8.508784] acpi PNP0A08:06: _OSC: platform does not support [SHPCHotplug PME AER DPC]
[    8.516904] acpi PNP0A08:06: _OSC: OS now controls [PCIeHotplug PCIeCapability LTR]
[    8.524856] acpi PNP0A08:06: ECAM area [mem 0x660010000000-0x66001fffffff] reserved by PNP0C02:07
[    8.534001] acpi PNP0A08:06: ECAM at [mem 0x660010000000-0x66001fffffff] for [bus 00-ff]
[    8.542281] ACPI: Remapped I/O 0x0000660020000000 to [io  0x60000-0x6ffff window]
[    8.549960] PCI host bridge to bus 0009:00
[    8.554148] pci_bus 0009:00: root bus resource [mem 0x660040000000-0x6600bfffffff window] (bus address [0x40000000-0xbfffffff])
[    8.565891] pci_bus 0009:00: root bus resource [mem 0x6600c0000000-0x66ffffffffff window]
[    8.574255] pci_bus 0009:00: root bus resource [io  0x60000-0x6ffff window] (bus address [0x0000-0xffff])
[    8.584042] pci_bus 0009:00: root bus resource [bus 00-ff]
[    8.589655] pci 0009:00:00.0: [10de:22b1] type 01 class 0x060400
[    8.595806] pci 0009:00:00.0: enabling Extended Tags
[    8.600898] pci 0009:00:00.0: PME# supported from D0 D3hot
[    8.606642] pci 0009:01:00.0: [10de:2342] type 00 class 0x030200
[    8.612794] pci 0009:01:00.0: reg 0x10: [mem 0x664002000000-0x664002ffffff 64bit pref]
[    8.620898] pci 0009:01:00.0: reg 0x18: [mem 0x662000000000-0x663fffffffff 64bit pref]
[    8.629003] pci 0009:01:00.0: reg 0x20: [mem 0x664000000000-0x664001ffffff 64bit pref]
[    8.637108] pci 0009:01:00.0: enabling Extended Tags
[    8.642196] pci 0009:01:00.0: Enabling HDA controller
[    8.647421] pci 0009:01:00.0: reg 0x274: [mem 0x00000000-0x0003ffff 64bit pref]
[    8.654899] pci 0009:01:00.0: VF(n) BAR0 space: [mem 0x00000000-0x005fffff 64bit pref] (contains BAR0 for 24 VFs)
[    9.674457] pci 0009:01:00.0: DOE: [2c8] ABORT timed out
[    9.679892] pci 0009:01:00.0: DOE: [2c8] failed to reset mailbox with abort command : -5
[    9.688176] pci 0009:01:00.0: DOE: [2c8] failed to create mailbox: -5
[    9.694766] pci 0009:01:00.0: 15.753 Gb/s available PCIe bandwidth, limited by 16.0 GT/s PCIe x1 link at 0009:00:00.0 (capable of 31.507 Gb/s with 32.0 GT/s PCIe x1 link)
[    9.710463] pci_bus 0009:00: on NUMA node 0
[    9.710464] pci_bus 0009:00: max bus depth: 1 pci_try_num: 2
[    9.716254] pci 0009:00:00.0: BAR 15: assigned [mem 0x661000000000-0x663fffffffff 64bit pref]
[    9.724974] pci 0009:00:00.0: BAR 14: assigned [mem 0x660040000000-0x6600401fffff]
[    9.732717] pci 0009:00:00.0: BAR 13: assigned [io  0x60000-0x60fff]
[    9.739215] pci 0009:01:00.0: BAR 2: assigned [mem 0x662000000000-0x663fffffffff 64bit pref]
[    9.747849] pci 0009:01:00.0: BAR 4: assigned [mem 0x661000000000-0x661001ffffff 64bit pref]
[    9.756488] pci 0009:01:00.0: BAR 0: assigned [mem 0x661002000000-0x661002ffffff 64bit pref]
[    9.765126] pci 0009:01:00.0: BAR 7: assigned [mem 0x661003000000-0x6610035fffff 64bit pref]
[    9.773761] pci 0009:00:00.0: PCI bridge to [bus 01]
[    9.778840] pci 0009:00:00.0:   bridge window [io  0x60000-0x60fff]
[    9.785250] pci 0009:00:00.0:   bridge window [mem 0x660040000000-0x6600401fffff]
[    9.792903] pci 0009:00:00.0:   bridge window [mem 0x661000000000-0x663fffffffff 64bit pref]
[    9.801534] pci_bus 0009:00: resource 4 [mem 0x660040000000-0x6600bfffffff window]
[    9.809276] pci_bus 0009:00: resource 5 [mem 0x6600c0000000-0x66ffffffffff window]
[    9.817018] pci_bus 0009:00: resource 6 [io  0x60000-0x6ffff window]
[    9.823517] pci_bus 0009:01: resource 0 [io  0x60000-0x60fff]
[    9.829391] pci_bus 0009:01: resource 1 [mem 0x660040000000-0x6600401fffff]
[    9.836510] pci_bus 0009:01: resource 2 [mem 0x661000000000-0x663fffffffff 64bit pref]
[    9.844713] acpi/hmat: Locality: Flags:00 Type:Read Latency Initiator Domains:16 Target Domains:16 Base:1000
[    9.854770] acpi/hmat:   Initiator-Target[0-0]:160 nsec
[    9.860113] acpi/hmat:   Initiator-Target[0-1]:0 nsec
[    9.865275] acpi/hmat:   Initiator-Target[0-2]:0 nsec
[    9.870439] acpi/hmat:   Initiator-Target[0-3]:0 nsec
[    9.875602] acpi/hmat:   Initiator-Target[0-4]:0 nsec
[    9.880769] acpi/hmat:   Initiator-Target[0-5]:0 nsec
[    9.885936] acpi/hmat:   Initiator-Target[0-6]:0 nsec
[    9.891104] acpi/hmat:   Initiator-Target[0-7]:0 nsec
[    9.896272] acpi/hmat:   Initiator-Target[0-8]:520 nsec
[    9.901616] acpi/hmat:   Initiator-Target[0-9]:520 nsec
[    9.906959] acpi/hmat:   Initiator-Target[0-10]:520 nsec
[    9.912389] acpi/hmat:   Initiator-Target[0-11]:520 nsec
[    9.917820] acpi/hmat:   Initiator-Target[0-12]:520 nsec
[    9.923254] acpi/hmat:   Initiator-Target[0-13]:520 nsec
[    9.928684] acpi/hmat:   Initiator-Target[0-14]:520 nsec
[    9.934117] acpi/hmat:   Initiator-Target[0-15]:520 nsec
[    9.939552] acpi/hmat:   Initiator-Target[1-0]:0 nsec
[    9.944715] acpi/hmat:   Initiator-Target[1-1]:0 nsec
[    9.949879] acpi/hmat:   Initiator-Target[1-2]:0 nsec
[    9.955043] acpi/hmat:   Initiator-Target[1-3]:0 nsec
[    9.960208] acpi/hmat:   Initiator-Target[1-4]:0 nsec
[    9.965371] acpi/hmat:   Initiator-Target[1-5]:0 nsec
[    9.970535] acpi/hmat:   Initiator-Target[1-6]:0 nsec
[    9.975702] acpi/hmat:   Initiator-Target[1-7]:0 nsec
[    9.980869] acpi/hmat:   Initiator-Target[1-8]:0 nsec
[    9.986037] acpi/hmat:   Initiator-Target[1-9]:0 nsec
[    9.991206] acpi/hmat:   Initiator-Target[1-10]:0 nsec
[    9.996462] acpi/hmat:   Initiator-Target[1-11]:0 nsec
[   10.001715] acpi/hmat:   Initiator-Target[1-12]:0 nsec
[   10.006967] acpi/hmat:   Initiator-Target[1-13]:0 nsec
[   10.012220] acpi/hmat:   Initiator-Target[1-14]:0 nsec
[   10.017474] acpi/hmat:   Initiator-Target[1-15]:0 nsec
[   10.022731] acpi/hmat:   Initiator-Target[2-0]:0 nsec
[   10.027900] acpi/hmat:   Initiator-Target[2-1]:0 nsec
[   10.033067] acpi/hmat:   Initiator-Target[2-2]:0 nsec
[   10.038236] acpi/hmat:   Initiator-Target[2-3]:0 nsec
[   10.043400] acpi/hmat:   Initiator-Target[2-4]:0 nsec
[   10.048564] acpi/hmat:   Initiator-Target[2-5]:0 nsec
[   10.053728] acpi/hmat:   Initiator-Target[2-6]:0 nsec
[   10.058891] acpi/hmat:   Initiator-Target[2-7]:0 nsec
[   10.064055] acpi/hmat:   Initiator-Target[2-8]:0 nsec
[   10.069222] acpi/hmat:   Initiator-Target[2-9]:0 nsec
[   10.074390] acpi/hmat:   Initiator-Target[2-10]:0 nsec
[   10.079647] acpi/hmat:   Initiator-Target[2-11]:0 nsec
[   10.084903] acpi/hmat:   Initiator-Target[2-12]:0 nsec
[   10.090160] acpi/hmat:   Initiator-Target[2-13]:0 nsec
[   10.095416] acpi/hmat:   Initiator-Target[2-14]:0 nsec
[   10.100669] acpi/hmat:   Initiator-Target[2-15]:0 nsec
[   10.105920] acpi/hmat:   Initiator-Target[3-0]:0 nsec
[   10.111084] acpi/hmat:   Initiator-Target[3-1]:0 nsec
[   10.116251] acpi/hmat:   Initiator-Target[3-2]:0 nsec
[   10.121415] acpi/hmat:   Initiator-Target[3-3]:0 nsec
[   10.126582] acpi/hmat:   Initiator-Target[3-4]:0 nsec
[   10.131750] acpi/hmat:   Initiator-Target[3-5]:0 nsec
[   10.136914] acpi/hmat:   Initiator-Target[3-6]:0 nsec
[   10.142077] acpi/hmat:   Initiator-Target[3-7]:0 nsec
[   10.147242] acpi/hmat:   Initiator-Target[3-8]:0 nsec
[   10.152406] acpi/hmat:   Initiator-Target[3-9]:0 nsec
[   10.157569] acpi/hmat:   Initiator-Target[3-10]:0 nsec
[   10.162822] acpi/hmat:   Initiator-Target[3-11]:0 nsec
[   10.168078] acpi/hmat:   Initiator-Target[3-12]:0 nsec
[   10.173334] acpi/hmat:   Initiator-Target[3-13]:0 nsec
[   10.178590] acpi/hmat:   Initiator-Target[3-14]:0 nsec
[   10.183847] acpi/hmat:   Initiator-Target[3-15]:0 nsec
[   10.189103] acpi/hmat:   Initiator-Target[4-0]:640 nsec
[   10.194445] acpi/hmat:   Initiator-Target[4-1]:0 nsec
[   10.199610] acpi/hmat:   Initiator-Target[4-2]:0 nsec
[   10.204775] acpi/hmat:   Initiator-Target[4-3]:0 nsec
[   10.209938] acpi/hmat:   Initiator-Target[4-4]:0 nsec
[   10.215106] acpi/hmat:   Initiator-Target[4-5]:0 nsec
[   10.220273] acpi/hmat:   Initiator-Target[4-6]:0 nsec
[   10.225441] acpi/hmat:   Initiator-Target[4-7]:0 nsec
[   10.230608] acpi/hmat:   Initiator-Target[4-8]:324 nsec
[   10.235951] acpi/hmat:   Initiator-Target[4-9]:324 nsec
[   10.241292] acpi/hmat:   Initiator-Target[4-10]:324 nsec
[   10.246723] acpi/hmat:   Initiator-Target[4-11]:324 nsec
[   10.252154] acpi/hmat:   Initiator-Target[4-12]:324 nsec
[   10.257588] acpi/hmat:   Initiator-Target[4-13]:324 nsec
[   10.263017] acpi/hmat:   Initiator-Target[4-14]:324 nsec
[   10.268451] acpi/hmat:   Initiator-Target[4-15]:324 nsec
[   10.273885] acpi/hmat:   Initiator-Target[5-0]:0 nsec
[   10.279052] acpi/hmat:   Initiator-Target[5-1]:0 nsec
[   10.284219] acpi/hmat:   Initiator-Target[5-2]:0 nsec
[   10.289384] acpi/hmat:   Initiator-Target[5-3]:0 nsec
[   10.294548] acpi/hmat:   Initiator-Target[5-4]:0 nsec
[   10.299712] acpi/hmat:   Initiator-Target[5-5]:0 nsec
[   10.304875] acpi/hmat:   Initiator-Target[5-6]:0 nsec
[   10.310039] acpi/hmat:   Initiator-Target[5-7]:0 nsec
[   10.315206] acpi/hmat:   Initiator-Target[5-8]:0 nsec
[   10.320373] acpi/hmat:   Initiator-Target[5-9]:0 nsec
[   10.325541] acpi/hmat:   Initiator-Target[5-10]:0 nsec
[   10.330793] acpi/hmat:   Initiator-Target[5-11]:0 nsec
[   10.336046] acpi/hmat:   Initiator-Target[5-12]:0 nsec
[   10.341299] acpi/hmat:   Initiator-Target[5-13]:0 nsec
[   10.346551] acpi/hmat:   Initiator-Target[5-14]:0 nsec
[   10.351804] acpi/hmat:   Initiator-Target[5-15]:0 nsec
[   10.357058] acpi/hmat:   Initiator-Target[6-0]:0 nsec
[   10.362224] acpi/hmat:   Initiator-Target[6-1]:0 nsec
[   10.367392] acpi/hmat:   Initiator-Target[6-2]:0 nsec
[   10.372561] acpi/hmat:   Initiator-Target[6-3]:0 nsec
[   10.377728] acpi/hmat:   Initiator-Target[6-4]:0 nsec
[   10.382891] acpi/hmat:   Initiator-Target[6-5]:0 nsec
[   10.388056] acpi/hmat:   Initiator-Target[6-6]:0 nsec
[   10.393220] acpi/hmat:   Initiator-Target[6-7]:0 nsec
[   10.398384] acpi/hmat:   Initiator-Target[6-8]:0 nsec
[   10.403548] acpi/hmat:   Initiator-Target[6-9]:0 nsec
[   10.408716] acpi/hmat:   Initiator-Target[6-10]:0 nsec
[   10.413972] acpi/hmat:   Initiator-Target[6-11]:0 nsec
[   10.419225] acpi/hmat:   Initiator-Target[6-12]:0 nsec
[   10.424480] acpi/hmat:   Initiator-Target[6-13]:0 nsec
[   10.429733] acpi/hmat:   Initiator-Target[6-14]:0 nsec
[   10.434986] acpi/hmat:   Initiator-Target[6-15]:0 nsec
[   10.440239] acpi/hmat:   Initiator-Target[7-0]:0 nsec
[   10.445403] acpi/hmat:   Initiator-Target[7-1]:0 nsec
[   10.450566] acpi/hmat:   Initiator-Target[7-2]:0 nsec
[   10.455730] acpi/hmat:   Initiator-Target[7-3]:0 nsec
[   10.460898] acpi/hmat:   Initiator-Target[7-4]:0 nsec
[   10.466065] acpi/hmat:   Initiator-Target[7-5]:0 nsec
[   10.471232] acpi/hmat:   Initiator-Target[7-6]:0 nsec
[   10.476400] acpi/hmat:   Initiator-Target[7-7]:0 nsec
[   10.481564] acpi/hmat:   Initiator-Target[7-8]:0 nsec
[   10.486728] acpi/hmat:   Initiator-Target[7-9]:0 nsec
[   10.491892] acpi/hmat:   Initiator-Target[7-10]:0 nsec
[   10.497144] acpi/hmat:   Initiator-Target[7-11]:0 nsec
[   10.502398] acpi/hmat:   Initiator-Target[7-12]:0 nsec
[   10.507654] acpi/hmat:   Initiator-Target[7-13]:0 nsec
[   10.512911] acpi/hmat:   Initiator-Target[7-14]:0 nsec
[   10.518167] acpi/hmat:   Initiator-Target[7-15]:0 nsec
[   10.523420] acpi/hmat:   Initiator-Target[8-0]:0 nsec
[   10.528584] acpi/hmat:   Initiator-Target[8-1]:0 nsec
[   10.533748] acpi/hmat:   Initiator-Target[8-2]:0 nsec
[   10.538912] acpi/hmat:   Initiator-Target[8-3]:0 nsec
[   10.544076] acpi/hmat:   Initiator-Target[8-4]:0 nsec
[   10.549241] acpi/hmat:   Initiator-Target[8-5]:0 nsec
[   10.554407] acpi/hmat:   Initiator-Target[8-6]:0 nsec
[   10.559575] acpi/hmat:   Initiator-Target[8-7]:0 nsec
[   10.564743] acpi/hmat:   Initiator-Target[8-8]:0 nsec
[   10.569912] acpi/hmat:   Initiator-Target[8-9]:0 nsec
[   10.575076] acpi/hmat:   Initiator-Target[8-10]:0 nsec
[   10.580330] acpi/hmat:   Initiator-Target[8-11]:0 nsec
[   10.585583] acpi/hmat:   Initiator-Target[8-12]:0 nsec
[   10.590834] acpi/hmat:   Initiator-Target[8-13]:0 nsec
[   10.596087] acpi/hmat:   Initiator-Target[8-14]:0 nsec
[   10.601343] acpi/hmat:   Initiator-Target[8-15]:0 nsec
[   10.606601] acpi/hmat:   Initiator-Target[9-0]:0 nsec
[   10.611764] acpi/hmat:   Initiator-Target[9-1]:0 nsec
[   10.616931] acpi/hmat:   Initiator-Target[9-2]:0 nsec
[   10.622096] acpi/hmat:   Initiator-Target[9-3]:0 nsec
[   10.627260] acpi/hmat:   Initiator-Target[9-4]:0 nsec
[   10.632424] acpi/hmat:   Initiator-Target[9-5]:0 nsec
[   10.637587] acpi/hmat:   Initiator-Target[9-6]:0 nsec
[   10.642751] acpi/hmat:   Initiator-Target[9-7]:0 nsec
[   10.647915] acpi/hmat:   Initiator-Target[9-8]:0 nsec
[   10.653082] acpi/hmat:   Initiator-Target[9-9]:0 nsec
[   10.658250] acpi/hmat:   Initiator-Target[9-10]:0 nsec
[   10.663506] acpi/hmat:   Initiator-Target[9-11]:0 nsec
[   10.668764] acpi/hmat:   Initiator-Target[9-12]:0 nsec
[   10.674016] acpi/hmat:   Initiator-Target[9-13]:0 nsec
[   10.679269] acpi/hmat:   Initiator-Target[9-14]:0 nsec
[   10.684521] acpi/hmat:   Initiator-Target[9-15]:0 nsec
[   10.689774] acpi/hmat:   Initiator-Target[10-0]:0 nsec
[   10.695026] acpi/hmat:   Initiator-Target[10-1]:0 nsec
[   10.700282] acpi/hmat:   Initiator-Target[10-2]:0 nsec
[   10.705539] acpi/hmat:   Initiator-Target[10-3]:0 nsec
[   10.710795] acpi/hmat:   Initiator-Target[10-4]:0 nsec
[   10.716047] acpi/hmat:   Initiator-Target[10-5]:0 nsec
[   10.721300] acpi/hmat:   Initiator-Target[10-6]:0 nsec
[   10.726553] acpi/hmat:   Initiator-Target[10-7]:0 nsec
[   10.731806] acpi/hmat:   Initiator-Target[10-8]:0 nsec
[   10.737059] acpi/hmat:   Initiator-Target[10-9]:0 nsec
[   10.742312] acpi/hmat:   Initiator-Target[10-10]:0 nsec
[   10.747656] acpi/hmat:   Initiator-Target[10-11]:0 nsec
[   10.753002] acpi/hmat:   Initiator-Target[10-12]:0 nsec
[   10.758348] acpi/hmat:   Initiator-Target[10-13]:0 nsec
[   10.763693] acpi/hmat:   Initiator-Target[10-14]:0 nsec
[   10.769037] acpi/hmat:   Initiator-Target[10-15]:0 nsec
[   10.774379] acpi/hmat:   Initiator-Target[11-0]:0 nsec
[   10.779632] acpi/hmat:   Initiator-Target[11-1]:0 nsec
[   10.784885] acpi/hmat:   Initiator-Target[11-2]:0 nsec
[   10.790138] acpi/hmat:   Initiator-Target[11-3]:0 nsec
[   10.795391] acpi/hmat:   Initiator-Target[11-4]:0 nsec
[   10.800647] acpi/hmat:   Initiator-Target[11-5]:0 nsec
[   10.805904] acpi/hmat:   Initiator-Target[11-6]:0 nsec
[   10.811157] acpi/hmat:   Initiator-Target[11-7]:0 nsec
[   10.816410] acpi/hmat:   Initiator-Target[11-8]:0 nsec
[   10.821662] acpi/hmat:   Initiator-Target[11-9]:0 nsec
[   10.826914] acpi/hmat:   Initiator-Target[11-10]:0 nsec
[   10.832256] acpi/hmat:   Initiator-Target[11-11]:0 nsec
[   10.837597] acpi/hmat:   Initiator-Target[11-12]:0 nsec
[   10.842943] acpi/hmat:   Initiator-Target[11-13]:0 nsec
[   10.848286] acpi/hmat:   Initiator-Target[11-14]:0 nsec
[   10.853632] acpi/hmat:   Initiator-Target[11-15]:0 nsec
[   10.858977] acpi/hmat:   Initiator-Target[12-0]:0 nsec
[   10.864229] acpi/hmat:   Initiator-Target[12-1]:0 nsec
[   10.869485] acpi/hmat:   Initiator-Target[12-2]:0 nsec
[   10.874738] acpi/hmat:   Initiator-Target[12-3]:0 nsec
[   10.879989] acpi/hmat:   Initiator-Target[12-4]:0 nsec
[   10.885241] acpi/hmat:   Initiator-Target[12-5]:0 nsec
[   10.890494] acpi/hmat:   Initiator-Target[12-6]:0 nsec
[   10.895745] acpi/hmat:   Initiator-Target[12-7]:0 nsec
[   10.901001] acpi/hmat:   Initiator-Target[12-8]:0 nsec
[   10.906258] acpi/hmat:   Initiator-Target[12-9]:0 nsec
[   10.911511] acpi/hmat:   Initiator-Target[12-10]:0 nsec
[   10.916852] acpi/hmat:   Initiator-Target[12-11]:0 nsec
[   10.922194] acpi/hmat:   Initiator-Target[12-12]:0 nsec
[   10.927539] acpi/hmat:   Initiator-Target[12-13]:0 nsec
[   10.932881] acpi/hmat:   Initiator-Target[12-14]:0 nsec
[   10.938226] acpi/hmat:   Initiator-Target[12-15]:0 nsec
[   10.943571] acpi/hmat:   Initiator-Target[13-0]:0 nsec
[   10.948823] acpi/hmat:   Initiator-Target[13-1]:0 nsec
[   10.954080] acpi/hmat:   Initiator-Target[13-2]:0 nsec
[   10.959337] acpi/hmat:   Initiator-Target[13-3]:0 nsec
[   10.964590] acpi/hmat:   Initiator-Target[13-4]:0 nsec
[   10.969846] acpi/hmat:   Initiator-Target[13-5]:0 nsec
[   10.975099] acpi/hmat:   Initiator-Target[13-6]:0 nsec
[   10.980350] acpi/hmat:   Initiator-Target[13-7]:0 nsec
[   10.985603] acpi/hmat:   Initiator-Target[13-8]:0 nsec
[   10.990856] acpi/hmat:   Initiator-Target[13-9]:0 nsec
[   10.996108] acpi/hmat:   Initiator-Target[13-10]:0 nsec
[   11.001454] acpi/hmat:   Initiator-Target[13-11]:0 nsec
[   11.006799] acpi/hmat:   Initiator-Target[13-12]:0 nsec
[   11.012141] acpi/hmat:   Initiator-Target[13-13]:0 nsec
[   11.017483] acpi/hmat:   Initiator-Target[13-14]:0 nsec
[   11.022824] acpi/hmat:   Initiator-Target[13-15]:0 nsec
[   11.028166] acpi/hmat:   Initiator-Target[14-0]:0 nsec
[   11.033418] acpi/hmat:   Initiator-Target[14-1]:0 nsec
[   11.038674] acpi/hmat:   Initiator-Target[14-2]:0 nsec
[   11.043930] acpi/hmat:   Initiator-Target[14-3]:0 nsec
[   11.049185] acpi/hmat:   Initiator-Target[14-4]:0 nsec
[   11.054442] acpi/hmat:   Initiator-Target[14-5]:0 nsec
[   11.059699] acpi/hmat:   Initiator-Target[14-6]:0 nsec
[   11.064951] acpi/hmat:   Initiator-Target[14-7]:0 nsec
[   11.070206] acpi/hmat:   Initiator-Target[14-8]:0 nsec
[   11.075460] acpi/hmat:   Initiator-Target[14-9]:0 nsec
[   11.080713] acpi/hmat:   Initiator-Target[14-10]:0 nsec
[   11.086055] acpi/hmat:   Initiator-Target[14-11]:0 nsec
[   11.091396] acpi/hmat:   Initiator-Target[14-12]:0 nsec
[   11.096737] acpi/hmat:   Initiator-Target[14-13]:0 nsec
[   11.102082] acpi/hmat:   Initiator-Target[14-14]:0 nsec
[   11.107427] acpi/hmat:   Initiator-Target[14-15]:0 nsec
[   11.112769] acpi/hmat:   Initiator-Target[15-0]:0 nsec
[   11.118021] acpi/hmat:   Initiator-Target[15-1]:0 nsec
[   11.123273] acpi/hmat:   Initiator-Target[15-2]:0 nsec
[   11.128526] acpi/hmat:   Initiator-Target[15-3]:0 nsec
[   11.133778] acpi/hmat:   Initiator-Target[15-4]:0 nsec
[   11.139035] acpi/hmat:   Initiator-Target[15-5]:0 nsec
[   11.144289] acpi/hmat:   Initiator-Target[15-6]:0 nsec
[   11.149545] acpi/hmat:   Initiator-Target[15-7]:0 nsec
[   11.154801] acpi/hmat:   Initiator-Target[15-8]:0 nsec
[   11.160057] acpi/hmat:   Initiator-Target[15-9]:0 nsec
[   11.165310] acpi/hmat:   Initiator-Target[15-10]:0 nsec
[   11.170655] acpi/hmat:   Initiator-Target[15-11]:0 nsec
[   11.175996] acpi/hmat:   Initiator-Target[15-12]:0 nsec
[   11.181337] acpi/hmat:   Initiator-Target[15-13]:0 nsec
[   11.186679] acpi/hmat:   Initiator-Target[15-14]:0 nsec
[   11.192020] acpi/hmat:   Initiator-Target[15-15]:0 nsec
[   11.197362] acpi/hmat: Locality: Flags:00 Type:Write Latency Initiator Domains:16 Target Domains:16 Base:1000
[   11.207508] acpi/hmat:   Initiator-Target[0-0]:85 nsec
[   11.212760] acpi/hmat:   Initiator-Target[0-1]:0 nsec
[   11.217922] acpi/hmat:   Initiator-Target[0-2]:0 nsec
[   11.223086] acpi/hmat:   Initiator-Target[0-3]:0 nsec
[   11.228249] acpi/hmat:   Initiator-Target[0-4]:0 nsec
[   11.233413] acpi/hmat:   Initiator-Target[0-5]:0 nsec
[   11.238580] acpi/hmat:   Initiator-Target[0-6]:0 nsec
[   11.243743] acpi/hmat:   Initiator-Target[0-7]:0 nsec
[   11.248909] acpi/hmat:   Initiator-Target[0-8]:385 nsec
[   11.254254] acpi/hmat:   Initiator-Target[0-9]:385 nsec
[   11.259600] acpi/hmat:   Initiator-Target[0-10]:385 nsec
[   11.265030] acpi/hmat:   Initiator-Target[0-11]:385 nsec
[   11.270463] acpi/hmat:   Initiator-Target[0-12]:385 nsec
[   11.275894] acpi/hmat:   Initiator-Target[0-13]:385 nsec
[   11.281324] acpi/hmat:   Initiator-Target[0-14]:385 nsec
[   11.286754] acpi/hmat:   Initiator-Target[0-15]:385 nsec
[   11.292184] acpi/hmat:   Initiator-Target[1-0]:0 nsec
[   11.297348] acpi/hmat:   Initiator-Target[1-1]:0 nsec
[   11.302515] acpi/hmat:   Initiator-Target[1-2]:0 nsec
[   11.307679] acpi/hmat:   Initiator-Target[1-3]:0 nsec
[   11.312842] acpi/hmat:   Initiator-Target[1-4]:0 nsec
[   11.318005] acpi/hmat:   Initiator-Target[1-5]:0 nsec
[   11.323169] acpi/hmat:   Initiator-Target[1-6]:0 nsec
[   11.328333] acpi/hmat:   Initiator-Target[1-7]:0 nsec
[   11.333499] acpi/hmat:   Initiator-Target[1-8]:0 nsec
[   11.338663] acpi/hmat:   Initiator-Target[1-9]:0 nsec
[   11.343826] acpi/hmat:   Initiator-Target[1-10]:0 nsec
[   11.349083] acpi/hmat:   Initiator-Target[1-11]:0 nsec
[   11.354340] acpi/hmat:   Initiator-Target[1-12]:0 nsec
[   11.359596] acpi/hmat:   Initiator-Target[1-13]:0 nsec
[   11.364850] acpi/hmat:   Initiator-Target[1-14]:0 nsec
[   11.370102] acpi/hmat:   Initiator-Target[1-15]:0 nsec
[   11.375354] acpi/hmat:   Initiator-Target[2-0]:0 nsec
[   11.380518] acpi/hmat:   Initiator-Target[2-1]:0 nsec
[   11.385682] acpi/hmat:   Initiator-Target[2-2]:0 nsec
[   11.390845] acpi/hmat:   Initiator-Target[2-3]:0 nsec
[   11.396012] acpi/hmat:   Initiator-Target[2-4]:0 nsec
[   11.401175] acpi/hmat:   Initiator-Target[2-5]:0 nsec
[   11.406339] acpi/hmat:   Initiator-Target[2-6]:0 nsec
[   11.411503] acpi/hmat:   Initiator-Target[2-7]:0 nsec
[   11.416666] acpi/hmat:   Initiator-Target[2-8]:0 nsec
[   11.421830] acpi/hmat:   Initiator-Target[2-9]:0 nsec
[   11.426993] acpi/hmat:   Initiator-Target[2-10]:0 nsec
[   11.432254] acpi/hmat:   Initiator-Target[2-11]:0 nsec
[   11.437506] acpi/hmat:   Initiator-Target[2-12]:0 nsec
[   11.442762] acpi/hmat:   Initiator-Target[2-13]:0 nsec
[   11.448020] acpi/hmat:   Initiator-Target[2-14]:0 nsec
[   11.453276] acpi/hmat:   Initiator-Target[2-15]:0 nsec
